###############################################################################
#                                                                             #
# IAR C/C++ Compiler V8.10.3.10338/W32 for 8051         25/Aug/2018  23:10:04 #
# Copyright 2004-2011 IAR Systems AB.                                         #
#                                                                             #
#    Core               =  plain                                              #
#    Code model         =  banked                                             #
#    Data model         =  large                                              #
#    Calling convention =  xdata reentrant                                    #
#    Constant location  =  data_rom                                           #
#    Dptr setup         =  1,16                                               #
#    Source file        =  F:\work\iot-hardware\logger\logger\Projects\zstack #
#                          \Samples\GenericApp\Source\DHT11.c                 #
#    Command line       =  -f F:\work\iot-hardware\logger\logger\Projects\zst #
#                          ack\Samples\GenericApp\CC2530DB\..\..\..\Tools\CC2 #
#                          530DB\f8wEndev.cfg (-DCPU32MHZ -DROOT=__near_func  #
#                          -DMAC_CFG_TX_DATA_MAX=3 -DMAC_CFG_TX_MAX=6         #
#                          -DMAC_CFG_RX_MAX=3) -f F:\work\iot-hardware\logger #
#                          \logger\Projects\zstack\Samples\GenericApp\CC2530D #
#                          B\..\..\..\Tools\CC2530DB\f8wConfig.cfg            #
#                          (-DZIGBEEPRO -DSECURE=0 -DZG_SECURE_DYNAMIC=0      #
#                          -DREFLECTOR -DDEFAULT_CHANLIST=0x00000800          #
#                          -DZDAPP_CONFIG_PAN_ID=0xFFFF                       #
#                          -DNWK_START_DELAY=100 -DEXTENDED_JOINING_RANDOM_MA #
#                          SK=0x007F -DBEACON_REQUEST_DELAY=100               #
#                          -DBEACON_REQ_DELAY_MASK=0x00FF                     #
#                          -DLINK_STATUS_JITTER_MASK=0x007F                   #
#                          -DROUTE_EXPIRY_TIME=30 -DAPSC_ACK_WAIT_DURATION_PO #
#                          LLED=3000 -DNWK_INDIRECT_MSG_TIMEOUT=7             #
#                          -DMAX_RREQ_ENTRIES=8 -DAPSC_MAX_FRAME_RETRIES=3    #
#                          -DNWK_MAX_DATA_RETRIES=2                           #
#                          -DMAX_POLL_FAILURE_RETRIES=2 -DMAX_BCAST=9         #
#                          -DAPS_MAX_GROUPS=16 -DMAX_RTG_ENTRIES=40           #
#                          -DNWK_MAX_BINDING_ENTRIES=4                        #
#                          -DMAX_BINDING_CLUSTER_IDS=4 "-DDEFAULT_KEY={0x01,  #
#                          0x03, 0x05, 0x07, 0x09, 0x0B, 0x0D, 0x0F, 0x00,    #
#                          0x02, 0x04, 0x06, 0x08, 0x0A, 0x0C, 0x0D}"         #
#                          -DMAC_MAX_FRAME_SIZE=116                           #
#                          -DZDNWKMGR_MIN_TRANSMISSIONS=20 "-DCONST=const     #
#                          __code" -DGENERIC=__generic                        #
#                          -DRFD_RCVC_ALWAYS_ON=FALSE -DPOLL_RATE=1000        #
#                          -DQUEUED_POLL_RATE=100 -DRESPONSE_POLL_RATE=100)   #
#                          -DREJOIN_POLL_RATE=440 F:\work\iot-hardware\logger #
#                          \logger\Projects\zstack\Samples\GenericApp\Source\ #
#                          DHT11.c -D NWK_AUTO_POLL -D ZTOOL_P1 -D MT_TASK    #
#                          -D MT_SYS_FUNC -D MT_ZDO_FUNC -D                   #
#                          LCD_SUPPORTED=DEBUG -D xPOWER_SAVING -lC           #
#                          F:\work\iot-hardware\logger\logger\Projects\zstack #
#                          \Samples\GenericApp\CC2530DB\EndDeviceEB\List\     #
#                          -lA F:\work\iot-hardware\logger\logger\Projects\zs #
#                          tack\Samples\GenericApp\CC2530DB\EndDeviceEB\List\ #
#                           --diag_suppress Pe001,Pa010 -o                    #
#                          F:\work\iot-hardware\logger\logger\Projects\zstack #
#                          \Samples\GenericApp\CC2530DB\EndDeviceEB\Obj\ -e   #
#                          --no_cse --no_unroll --no_inline --no_code_motion  #
#                          --no_tbaa --debug --core=plain --dptr=16,1         #
#                          --data_model=large --code_model=banked             #
#                          --calling_convention=xdata_reentrant               #
#                          --place_constants=data_rom --nr_virtual_regs 16    #
#                          -I F:\work\iot-hardware\logger\logger\Projects\zst #
#                          ack\Samples\GenericApp\CC2530DB\ -I                #
#                          F:\work\iot-hardware\logger\logger\Projects\zstack #
#                          \Samples\GenericApp\CC2530DB\..\Source\ -I         #
#                          F:\work\iot-hardware\logger\logger\Projects\zstack #
#                          \Samples\GenericApp\CC2530DB\..\..\..\ZMain\TI2530 #
#                          DB\ -I F:\work\iot-hardware\logger\logger\Projects #
#                          \zstack\Samples\GenericApp\CC2530DB\..\..\..\..\.. #
#                          \Components\hal\include\ -I                        #
#                          F:\work\iot-hardware\logger\logger\Projects\zstack #
#                          \Samples\GenericApp\CC2530DB\..\..\..\..\..\Compon #
#                          ents\hal\target\CC2530EB\ -I                       #
#                          F:\work\iot-hardware\logger\logger\Projects\zstack #
#                          \Samples\GenericApp\CC2530DB\..\..\..\..\..\Compon #
#                          ents\mac\include\ -I F:\work\iot-hardware\logger\l #
#                          ogger\Projects\zstack\Samples\GenericApp\CC2530DB\ #
#                          ..\..\..\..\..\Components\mac\high_level\ -I       #
#                          F:\work\iot-hardware\logger\logger\Projects\zstack #
#                          \Samples\GenericApp\CC2530DB\..\..\..\..\..\Compon #
#                          ents\mac\low_level\srf04\ -I                       #
#                          F:\work\iot-hardware\logger\logger\Projects\zstack #
#                          \Samples\GenericApp\CC2530DB\..\..\..\..\..\Compon #
#                          ents\mac\low_level\srf04\single_chip\ -I           #
#                          F:\work\iot-hardware\logger\logger\Projects\zstack #
#                          \Samples\GenericApp\CC2530DB\..\..\..\..\..\Compon #
#                          ents\mt\ -I F:\work\iot-hardware\logger\logger\Pro #
#                          jects\zstack\Samples\GenericApp\CC2530DB\..\..\..\ #
#                          ..\..\Components\osal\include\ -I                  #
#                          F:\work\iot-hardware\logger\logger\Projects\zstack #
#                          \Samples\GenericApp\CC2530DB\..\..\..\..\..\Compon #
#                          ents\services\saddr\ -I F:\work\iot-hardware\logge #
#                          r\logger\Projects\zstack\Samples\GenericApp\CC2530 #
#                          DB\..\..\..\..\..\Components\services\sdata\ -I    #
#                          F:\work\iot-hardware\logger\logger\Projects\zstack #
#                          \Samples\GenericApp\CC2530DB\..\..\..\..\..\Compon #
#                          ents\stack\af\ -I F:\work\iot-hardware\logger\logg #
#                          er\Projects\zstack\Samples\GenericApp\CC2530DB\..\ #
#                          ..\..\..\..\Components\stack\nwk\ -I               #
#                          F:\work\iot-hardware\logger\logger\Projects\zstack #
#                          \Samples\GenericApp\CC2530DB\..\..\..\..\..\Compon #
#                          ents\stack\sapi\ -I F:\work\iot-hardware\logger\lo #
#                          gger\Projects\zstack\Samples\GenericApp\CC2530DB\. #
#                          .\..\..\..\..\Components\stack\sec\ -I             #
#                          F:\work\iot-hardware\logger\logger\Projects\zstack #
#                          \Samples\GenericApp\CC2530DB\..\..\..\..\..\Compon #
#                          ents\stack\sys\ -I F:\work\iot-hardware\logger\log #
#                          ger\Projects\zstack\Samples\GenericApp\CC2530DB\.. #
#                          \..\..\..\..\Components\stack\zdo\ -I              #
#                          F:\work\iot-hardware\logger\logger\Projects\zstack #
#                          \Samples\GenericApp\CC2530DB\..\..\..\..\..\Compon #
#                          ents\zmac\ -I F:\work\iot-hardware\logger\logger\P #
#                          rojects\zstack\Samples\GenericApp\CC2530DB\..\..\. #
#                          .\..\..\Components\zmac\f8w\ -Ol                   #
#                          --require_prototypes                               #
#    List file          =  F:\work\iot-hardware\logger\logger\Projects\zstack #
#                          \Samples\GenericApp\CC2530DB\EndDeviceEB\List\DHT1 #
#                          1.lst                                              #
#    Object file        =  F:\work\iot-hardware\logger\logger\Projects\zstack #
#                          \Samples\GenericApp\CC2530DB\EndDeviceEB\Obj\DHT11 #
#                          .r51                                               #
#                                                                             #
#                                                                             #
###############################################################################

F:\work\iot-hardware\logger\logger\Projects\zstack\Samples\GenericApp\Source\DHT11.c
      1          #include <ioCC2530.h>

   \                                 In  segment SFR_AN, at 0x80
   \   union <unnamed> volatile __sfr _A_P0
   \                     _A_P0:
   \   000000                DS 1

   \                                 In  segment SFR_AN, at 0xfd
   \   unsigned char volatile __sfr P0DIR
   \                     P0DIR:
   \   000000                DS 1
      2          #include "OnBoard.h"
      3          
      4          typedef unsigned char uchar;
      5          typedef unsigned int  uint;
      6          
      7          #define DATA_PIN P0_7
      8          
      9          void Delay_us(void);
     10          void Delay_10us(void);
     11          void Delay_ms(uint Time);
     12          void COM(void);
     13          void DHT11(void);
     14          
     15          //温湿度定义

   \                                 In  segment XDATA_Z, align 1, keep-with-next
     16          uchar ucharFLAG,uchartemp;
   \                     ucharFLAG:
   \   000000                DS 1
   \   000001                REQUIRE __INIT_XDATA_Z

   \                                 In  segment XDATA_Z, align 1, keep-with-next
   \                     uchartemp:
   \   000000                DS 1
   \   000001                REQUIRE __INIT_XDATA_Z

   \                                 In  segment XDATA_Z, align 1, keep-with-next
     17          uchar shidu_shi,shidu_ge,wendu_shi,wendu_ge=4;
   \                     shidu_shi:
   \   000000                DS 1
   \   000001                REQUIRE __INIT_XDATA_Z

   \                                 In  segment XDATA_Z, align 1, keep-with-next
   \                     shidu_ge:
   \   000000                DS 1
   \   000001                REQUIRE __INIT_XDATA_Z

   \                                 In  segment XDATA_Z, align 1, keep-with-next
   \                     wendu_shi:
   \   000000                DS 1
   \   000001                REQUIRE __INIT_XDATA_Z

   \                                 In  segment XDATA_I, align 1, keep-with-next
   \                     wendu_ge:
   \   000000                DS 1
   \   000001                REQUIRE `?<Initializer for wendu_ge>`
   \   000001                REQUIRE __INIT_XDATA_I

   \                                 In  segment XDATA_Z, align 1, keep-with-next
     18          uchar ucharT_data_H,ucharT_data_L,ucharRH_data_H,ucharRH_data_L,ucharcheckdata;
   \                     ucharT_data_H:
   \   000000                DS 1
   \   000001                REQUIRE __INIT_XDATA_Z

   \                                 In  segment XDATA_Z, align 1, keep-with-next
   \                     ucharT_data_L:
   \   000000                DS 1
   \   000001                REQUIRE __INIT_XDATA_Z

   \                                 In  segment XDATA_Z, align 1, keep-with-next
   \                     ucharRH_data_H:
   \   000000                DS 1
   \   000001                REQUIRE __INIT_XDATA_Z

   \                                 In  segment XDATA_Z, align 1, keep-with-next
   \                     ucharRH_data_L:
   \   000000                DS 1
   \   000001                REQUIRE __INIT_XDATA_Z

   \                                 In  segment XDATA_Z, align 1, keep-with-next
   \                     ucharcheckdata:
   \   000000                DS 1
   \   000001                REQUIRE __INIT_XDATA_Z

   \                                 In  segment XDATA_Z, align 1, keep-with-next
     19          uchar ucharT_data_H_temp,ucharT_data_L_temp,ucharRH_data_H_temp,ucharRH_data_L_temp,ucharcheckdata_temp;
   \                     ucharT_data_H_temp:
   \   000000                DS 1
   \   000001                REQUIRE __INIT_XDATA_Z

   \                                 In  segment XDATA_Z, align 1, keep-with-next
   \                     ucharT_data_L_temp:
   \   000000                DS 1
   \   000001                REQUIRE __INIT_XDATA_Z

   \                                 In  segment XDATA_Z, align 1, keep-with-next
   \                     ucharRH_data_H_temp:
   \   000000                DS 1
   \   000001                REQUIRE __INIT_XDATA_Z

   \                                 In  segment XDATA_Z, align 1, keep-with-next
   \                     ucharRH_data_L_temp:
   \   000000                DS 1
   \   000001                REQUIRE __INIT_XDATA_Z

   \                                 In  segment XDATA_Z, align 1, keep-with-next
   \                     ucharcheckdata_temp:
   \   000000                DS 1
   \   000001                REQUIRE __INIT_XDATA_Z

   \                                 In  segment XDATA_Z, align 1, keep-with-next
     20          uchar ucharcomdata;
   \                     ucharcomdata:
   \   000000                DS 1
   \   000001                REQUIRE __INIT_XDATA_Z
     21          
     22          //延时函数

   \                                 In  segment BANKED_CODE, align 1, keep-with-next
     23          void Delay_us(void) //1 us延时
   \                     Delay_us:
     24          {
   \   000000   C082         PUSH    DPL
   \   000002   C083         PUSH    DPH
   \   000004                ; Saved register size: 2
   \   000004                ; Auto size: 0
     25              MicroWait(1);   
   \   000004                ; Setup parameters for call to function Onboard_wait
   \   000004   7A01         MOV     R2,#0x1
   \   000006   7B00         MOV     R3,#0x0
   \   000008   12....       LCALL   ??Onboard_wait?relay
     26          }
   \   00000B   D083         POP     DPH
   \   00000D   D082         POP     DPL
   \   00000F   02....       LJMP    ?BRET
     27          

   \                                 In  segment BANKED_CODE, align 1, keep-with-next
     28          void Delay_10us(void) //10 us延时
   \                     Delay_10us:
     29          {
   \   000000   C082         PUSH    DPL
   \   000002   C083         PUSH    DPH
   \   000004                ; Saved register size: 2
   \   000004                ; Auto size: 0
     30             MicroWait(10);
   \   000004                ; Setup parameters for call to function Onboard_wait
   \   000004   7A0A         MOV     R2,#0xa
   \   000006   7B00         MOV     R3,#0x0
   \   000008   12....       LCALL   ??Onboard_wait?relay
     31          }
   \   00000B   D083         POP     DPH
   \   00000D   D082         POP     DPL
   \   00000F   02....       LJMP    ?BRET
     32          

   \                                 In  segment BANKED_CODE, align 1, keep-with-next
     33          void Delay_ms(uint Time)//n ms延时
   \                     Delay_ms:
     34          {
   \   000000   74F7         MOV     A,#-0x9
   \   000002   12....       LCALL   ?BANKED_ENTER_XDATA
   \   000005                ; Saved register size: 9
   \   000005                ; Auto size: 0
   \   000005   EA           MOV     A,R2
   \   000006   FE           MOV     R6,A
   \   000007   EB           MOV     A,R3
   \   000008   FF           MOV     R7,A
     35            unsigned char i;
     36            while(Time--)
   \                     ??Delay_ms_0:
   \   000009   EE           MOV     A,R6
   \   00000A   F8           MOV     R0,A
   \   00000B   EF           MOV     A,R7
   \   00000C   F9           MOV     R1,A
   \   00000D   E8           MOV     A,R0
   \   00000E   24FF         ADD     A,#-0x1
   \   000010   FE           MOV     R6,A
   \   000011   E9           MOV     A,R1
   \   000012   34FF         ADDC    A,#-0x1
   \   000014   FF           MOV     R7,A
   \   000015   E8           MOV     A,R0
   \   000016   49           ORL     A,R1
   \   000017   6011         JZ      ??Delay_ms_1
     37            {
     38              for(i=0;i<100;i++)
   \   000019   75..00       MOV     ?V0 + 0,#0x0
   \                     ??Delay_ms_2:
   \   00001C   E5..         MOV     A,?V0 + 0
   \   00001E   C3           CLR     C
   \   00001F   9464         SUBB    A,#0x64
   \   000021   50E6         JNC     ??Delay_ms_0
     39               Delay_10us();
   \   000023                ; Setup parameters for call to function Delay_10us
   \   000023   12....       LCALL   ??Delay_10us?relay
   \   000026   05..         INC     ?V0 + 0
   \   000028   80F2         SJMP    ??Delay_ms_2
     40            }
     41          }
   \                     ??Delay_ms_1:
   \   00002A   7F01         MOV     R7,#0x1
   \   00002C   02....       LJMP    ?BANKED_LEAVE_XDATA
     42          
     43          //温湿度传感

   \                                 In  segment BANKED_CODE, align 1, keep-with-next
     44          void COM(void)    // 温湿写入
   \                     COM:
     45          {     
   \   000000   74F7         MOV     A,#-0x9
   \   000002   12....       LCALL   ?BANKED_ENTER_XDATA
   \   000005                ; Saved register size: 9
   \   000005                ; Auto size: 0
     46              uchar i;         
     47              for(i=0;i<8;i++)    
   \   000005   7E00         MOV     R6,#0x0
   \   000007   8016         SJMP    ??COM_0
     48              {
     49                  ucharFLAG=2; 
     50                  while((!DATA_PIN)&&ucharFLAG++);
     51                  Delay_10us();
     52                  Delay_10us();
     53                  Delay_10us();
     54                  uchartemp=0;
     55                  if(DATA_PIN)uchartemp=1;
     56                  ucharFLAG=2;
     57                  while((DATA_PIN)&&ucharFLAG++);   
     58                  if(ucharFLAG==1)break;    
     59                  ucharcomdata<<=1;
   \                     ??COM_1:
   \   000009   90....       MOV     DPTR,#ucharcomdata
   \   00000C   E0           MOVX    A,@DPTR
   \   00000D   C3           CLR     C
   \   00000E   33           RLC     A
   \   00000F   90....       MOV     DPTR,#ucharcomdata
   \   000012   F0           MOVX    @DPTR,A
     60                  ucharcomdata|=uchartemp; 
   \   000013   90....       MOV     DPTR,#uchartemp
   \   000016   E0           MOVX    A,@DPTR
   \   000017   F8           MOV     R0,A
   \   000018   90....       MOV     DPTR,#ucharcomdata
   \   00001B   E0           MOVX    A,@DPTR
   \   00001C   48           ORL     A,R0
   \   00001D   F0           MOVX    @DPTR,A
   \   00001E   0E           INC     R6
   \                     ??COM_0:
   \   00001F   EE           MOV     A,R6
   \   000020   C3           CLR     C
   \   000021   9408         SUBB    A,#0x8
   \   000023   5053         JNC     ??COM_2
   \   000025   90....       MOV     DPTR,#ucharFLAG
   \   000028   7402         MOV     A,#0x2
   \   00002A   F0           MOVX    @DPTR,A
   \                     ??COM_3:
   \   00002B   A287         MOV     C,0x80.7
   \   00002D   400F         JC      ??COM_4
   \   00002F   90....       MOV     DPTR,#ucharFLAG
   \   000032   E0           MOVX    A,@DPTR
   \   000033   F8           MOV     R0,A
   \   000034   7401         MOV     A,#0x1
   \   000036   28           ADD     A,R0
   \   000037   90....       MOV     DPTR,#ucharFLAG
   \   00003A   F0           MOVX    @DPTR,A
   \   00003B   E8           MOV     A,R0
   \   00003C   70ED         JNZ     ??COM_3
   \                     ??COM_4:
   \   00003E                ; Setup parameters for call to function Delay_10us
   \   00003E   12....       LCALL   ??Delay_10us?relay
   \   000041                ; Setup parameters for call to function Delay_10us
   \   000041   12....       LCALL   ??Delay_10us?relay
   \   000044                ; Setup parameters for call to function Delay_10us
   \   000044   12....       LCALL   ??Delay_10us?relay
   \   000047   90....       MOV     DPTR,#uchartemp
   \   00004A   7400         MOV     A,#0x0
   \   00004C   F0           MOVX    @DPTR,A
   \   00004D   A287         MOV     C,0x80.7
   \   00004F   5006         JNC     ??COM_5
   \   000051   90....       MOV     DPTR,#uchartemp
   \   000054   7401         MOV     A,#0x1
   \   000056   F0           MOVX    @DPTR,A
   \                     ??COM_5:
   \   000057   90....       MOV     DPTR,#ucharFLAG
   \   00005A   7402         MOV     A,#0x2
   \   00005C   F0           MOVX    @DPTR,A
   \                     ??COM_6:
   \   00005D   A287         MOV     C,0x80.7
   \   00005F   500F         JNC     ??COM_7
   \   000061   90....       MOV     DPTR,#ucharFLAG
   \   000064   E0           MOVX    A,@DPTR
   \   000065   F8           MOV     R0,A
   \   000066   7401         MOV     A,#0x1
   \   000068   28           ADD     A,R0
   \   000069   90....       MOV     DPTR,#ucharFLAG
   \   00006C   F0           MOVX    @DPTR,A
   \   00006D   E8           MOV     A,R0
   \   00006E   70ED         JNZ     ??COM_6
   \                     ??COM_7:
   \   000070   90....       MOV     DPTR,#ucharFLAG
   \   000073   E0           MOVX    A,@DPTR
   \   000074   6401         XRL     A,#0x1
   \   000076   7091         JNZ     ??COM_1
     61              }    
     62          }
   \                     ??COM_2:
   \   000078   7F01         MOV     R7,#0x1
   \   00007A   02....       LJMP    ?BANKED_LEAVE_XDATA
   \   00007D                REQUIRE _A_P0
     63          

   \                                 In  segment BANKED_CODE, align 1, keep-with-next
     64          void DHT11(void)   //温湿传感启动
   \                     DHT11:
     65          {
   \   000000   C082         PUSH    DPL
   \   000002   C083         PUSH    DPH
   \   000004                ; Saved register size: 2
   \   000004                ; Auto size: 0
     66          //	P2INP &= ~0x20;	  //初始化PO为上拉
     67          //	P0DIR |= 0x80; //IO口需要重新配置
     68          
     69              DATA_PIN=0;
   \   000004   C287         CLR     0x80.7
     70              Delay_ms(19);  //>18MS
   \   000006                ; Setup parameters for call to function Delay_ms
   \   000006   7A13         MOV     R2,#0x13
   \   000008   7B00         MOV     R3,#0x0
   \   00000A   12....       LCALL   ??Delay_ms?relay
     71              DATA_PIN=1; 
   \   00000D   D287         SETB    0x80.7
     72              P0DIR &= ~0x80; //重新配置IO口方向
   \   00000F   53FD7F       ANL     0xfd,#0x7f
     73              Delay_10us();
   \   000012                ; Setup parameters for call to function Delay_10us
   \   000012   12....       LCALL   ??Delay_10us?relay
     74              Delay_10us();                        
   \   000015                ; Setup parameters for call to function Delay_10us
   \   000015   12....       LCALL   ??Delay_10us?relay
     75              Delay_10us();
   \   000018                ; Setup parameters for call to function Delay_10us
   \   000018   12....       LCALL   ??Delay_10us?relay
     76              Delay_10us();  
   \   00001B                ; Setup parameters for call to function Delay_10us
   \   00001B   12....       LCALL   ??Delay_10us?relay
     77              if(!DATA_PIN) 
   \   00001E   A287         MOV     C,0x80.7
   \   000020   5003         JNC     $+5
   \   000022   02....       LJMP    ??DHT11_0 & 0xFFFF
     78              {
     79                  ucharFLAG=2; 
   \   000025   90....       MOV     DPTR,#ucharFLAG
   \   000028   7402         MOV     A,#0x2
   \   00002A   F0           MOVX    @DPTR,A
     80                  while((!DATA_PIN)&&ucharFLAG++);
   \                     ??DHT11_1:
   \   00002B   A287         MOV     C,0x80.7
   \   00002D   400F         JC      ??DHT11_2
   \   00002F   90....       MOV     DPTR,#ucharFLAG
   \   000032   E0           MOVX    A,@DPTR
   \   000033   F8           MOV     R0,A
   \   000034   7401         MOV     A,#0x1
   \   000036   28           ADD     A,R0
   \   000037   90....       MOV     DPTR,#ucharFLAG
   \   00003A   F0           MOVX    @DPTR,A
   \   00003B   E8           MOV     A,R0
   \   00003C   70ED         JNZ     ??DHT11_1
     81                  ucharFLAG=2;
   \                     ??DHT11_2:
   \   00003E   90....       MOV     DPTR,#ucharFLAG
   \   000041   7402         MOV     A,#0x2
   \   000043   F0           MOVX    @DPTR,A
     82                  while((DATA_PIN)&&ucharFLAG++); 
   \                     ??DHT11_3:
   \   000044   A287         MOV     C,0x80.7
   \   000046   500F         JNC     ??DHT11_4
   \   000048   90....       MOV     DPTR,#ucharFLAG
   \   00004B   E0           MOVX    A,@DPTR
   \   00004C   F8           MOV     R0,A
   \   00004D   7401         MOV     A,#0x1
   \   00004F   28           ADD     A,R0
   \   000050   90....       MOV     DPTR,#ucharFLAG
   \   000053   F0           MOVX    @DPTR,A
   \   000054   E8           MOV     A,R0
   \   000055   70ED         JNZ     ??DHT11_3
     83                  COM();
   \                     ??DHT11_4:
   \   000057                ; Setup parameters for call to function COM
   \   000057   12....       LCALL   ??COM?relay
     84                  ucharRH_data_H_temp=ucharcomdata;
   \   00005A   90....       MOV     DPTR,#ucharcomdata
   \   00005D   E0           MOVX    A,@DPTR
   \   00005E   90....       MOV     DPTR,#ucharRH_data_H_temp
   \   000061   F0           MOVX    @DPTR,A
     85                  COM();
   \   000062                ; Setup parameters for call to function COM
   \   000062   12....       LCALL   ??COM?relay
     86                  ucharRH_data_L_temp=ucharcomdata;
   \   000065   90....       MOV     DPTR,#ucharcomdata
   \   000068   E0           MOVX    A,@DPTR
   \   000069   90....       MOV     DPTR,#ucharRH_data_L_temp
   \   00006C   F0           MOVX    @DPTR,A
     87                  COM();
   \   00006D                ; Setup parameters for call to function COM
   \   00006D   12....       LCALL   ??COM?relay
     88                  ucharT_data_H_temp=ucharcomdata;
   \   000070   90....       MOV     DPTR,#ucharcomdata
   \   000073   E0           MOVX    A,@DPTR
   \   000074   90....       MOV     DPTR,#ucharT_data_H_temp
   \   000077   F0           MOVX    @DPTR,A
     89                  COM();
   \   000078                ; Setup parameters for call to function COM
   \   000078   12....       LCALL   ??COM?relay
     90                  ucharT_data_L_temp=ucharcomdata;
   \   00007B   90....       MOV     DPTR,#ucharcomdata
   \   00007E   E0           MOVX    A,@DPTR
   \   00007F   90....       MOV     DPTR,#ucharT_data_L_temp
   \   000082   F0           MOVX    @DPTR,A
     91                  COM();
   \   000083                ; Setup parameters for call to function COM
   \   000083   12....       LCALL   ??COM?relay
     92                  ucharcheckdata_temp=ucharcomdata;
   \   000086   90....       MOV     DPTR,#ucharcomdata
   \   000089   E0           MOVX    A,@DPTR
   \   00008A   90....       MOV     DPTR,#ucharcheckdata_temp
   \   00008D   F0           MOVX    @DPTR,A
     93                  DATA_PIN=1; 
   \   00008E   D287         SETB    0x80.7
     94                  uchartemp=(ucharT_data_H_temp+ucharT_data_L_temp+ucharRH_data_H_temp+ucharRH_data_L_temp);
   \   000090   90....       MOV     DPTR,#ucharRH_data_L_temp
   \   000093   C082         PUSH    DPL
   \   000095   C083         PUSH    DPH
   \   000097   90....       MOV     DPTR,#ucharRH_data_H_temp
   \   00009A   C082         PUSH    DPL
   \   00009C   C083         PUSH    DPH
   \   00009E   90....       MOV     DPTR,#ucharT_data_L_temp
   \   0000A1   C082         PUSH    DPL
   \   0000A3   C083         PUSH    DPH
   \   0000A5   90....       MOV     DPTR,#ucharT_data_H_temp
   \   0000A8   E0           MOVX    A,@DPTR
   \   0000A9   D083         POP     DPH
   \   0000AB   D082         POP     DPL
   \   0000AD   F8           MOV     R0,A
   \   0000AE   E0           MOVX    A,@DPTR
   \   0000AF   28           ADD     A,R0
   \   0000B0   D083         POP     DPH
   \   0000B2   D082         POP     DPL
   \   0000B4   F8           MOV     R0,A
   \   0000B5   E0           MOVX    A,@DPTR
   \   0000B6   28           ADD     A,R0
   \   0000B7   D083         POP     DPH
   \   0000B9   D082         POP     DPL
   \   0000BB   F8           MOV     R0,A
   \   0000BC   E0           MOVX    A,@DPTR
   \   0000BD   28           ADD     A,R0
   \   0000BE   90....       MOV     DPTR,#uchartemp
   \   0000C1   F0           MOVX    @DPTR,A
     95                  if(uchartemp==ucharcheckdata_temp)
   \   0000C2   90....       MOV     DPTR,#uchartemp
   \   0000C5   E0           MOVX    A,@DPTR
   \   0000C6   F8           MOV     R0,A
   \   0000C7   90....       MOV     DPTR,#ucharcheckdata_temp
   \   0000CA   E0           MOVX    A,@DPTR
   \   0000CB   68           XRL     A,R0
   \   0000CC   7028         JNZ     ??DHT11_5
     96                  {
     97                      ucharRH_data_H=ucharRH_data_H_temp;
   \   0000CE   90....       MOV     DPTR,#ucharRH_data_H_temp
   \   0000D1   E0           MOVX    A,@DPTR
   \   0000D2   90....       MOV     DPTR,#ucharRH_data_H
   \   0000D5   F0           MOVX    @DPTR,A
     98                      ucharRH_data_L=ucharRH_data_L_temp;
   \   0000D6   90....       MOV     DPTR,#ucharRH_data_L_temp
   \   0000D9   E0           MOVX    A,@DPTR
   \   0000DA   90....       MOV     DPTR,#ucharRH_data_L
   \   0000DD   F0           MOVX    @DPTR,A
     99                      ucharT_data_H=ucharT_data_H_temp;
   \   0000DE   90....       MOV     DPTR,#ucharT_data_H_temp
   \   0000E1   E0           MOVX    A,@DPTR
   \   0000E2   90....       MOV     DPTR,#ucharT_data_H
   \   0000E5   F0           MOVX    @DPTR,A
    100                      ucharT_data_L=ucharT_data_L_temp;
   \   0000E6   90....       MOV     DPTR,#ucharT_data_L_temp
   \   0000E9   E0           MOVX    A,@DPTR
   \   0000EA   90....       MOV     DPTR,#ucharT_data_L
   \   0000ED   F0           MOVX    @DPTR,A
    101                      ucharcheckdata=ucharcheckdata_temp;
   \   0000EE   90....       MOV     DPTR,#ucharcheckdata_temp
   \   0000F1   E0           MOVX    A,@DPTR
   \   0000F2   90....       MOV     DPTR,#ucharcheckdata
   \   0000F5   F0           MOVX    @DPTR,A
    102                  }
    103                  wendu_shi=ucharT_data_H/10; 
   \                     ??DHT11_5:
   \   0000F6   75F00A       MOV     B,#0xa
   \   0000F9   90....       MOV     DPTR,#ucharT_data_H
   \   0000FC   E0           MOVX    A,@DPTR
   \   0000FD   84           DIV     AB
   \   0000FE   90....       MOV     DPTR,#wendu_shi
   \   000101   F0           MOVX    @DPTR,A
    104                  wendu_ge=ucharT_data_H%10;
   \   000102   90....       MOV     DPTR,#ucharT_data_H
   \   000105   E0           MOVX    A,@DPTR
   \   000106   75F00A       MOV     B,#0xa
   \   000109   84           DIV     AB
   \   00010A   E5F0         MOV     A,B
   \   00010C   90....       MOV     DPTR,#wendu_ge
   \   00010F   F0           MOVX    @DPTR,A
    105                  
    106                  shidu_shi=ucharRH_data_H/10; 
   \   000110   75F00A       MOV     B,#0xa
   \   000113   90....       MOV     DPTR,#ucharRH_data_H
   \   000116   E0           MOVX    A,@DPTR
   \   000117   84           DIV     AB
   \   000118   90....       MOV     DPTR,#shidu_shi
   \   00011B   F0           MOVX    @DPTR,A
    107                  shidu_ge=ucharRH_data_H%10;        
   \   00011C   90....       MOV     DPTR,#ucharRH_data_H
   \   00011F   E0           MOVX    A,@DPTR
   \   000120   75F00A       MOV     B,#0xa
   \   000123   84           DIV     AB
   \   000124   E5F0         MOV     A,B
   \   000126   90....       MOV     DPTR,#shidu_ge
   \   000129   F0           MOVX    @DPTR,A
   \   00012A   8018         SJMP    ??DHT11_6
    108              } 
    109              else //没用成功读取，返回0
    110              {
    111                  wendu_shi=0; 
   \                     ??DHT11_0:
   \   00012C   90....       MOV     DPTR,#wendu_shi
   \   00012F   7400         MOV     A,#0x0
   \   000131   F0           MOVX    @DPTR,A
    112                  wendu_ge=0;
   \   000132   90....       MOV     DPTR,#wendu_ge
   \   000135   7400         MOV     A,#0x0
   \   000137   F0           MOVX    @DPTR,A
    113                  
    114                  shidu_shi=0; 
   \   000138   90....       MOV     DPTR,#shidu_shi
   \   00013B   7400         MOV     A,#0x0
   \   00013D   F0           MOVX    @DPTR,A
    115                  shidu_ge=0;  
   \   00013E   90....       MOV     DPTR,#shidu_ge
   \   000141   7400         MOV     A,#0x0
   \   000143   F0           MOVX    @DPTR,A
    116              } 
    117              
    118             P0DIR |= 0x80; //IO口需要重新配置 
   \                     ??DHT11_6:
   \   000144   43FD80       ORL     0xfd,#0x80
    119          //   P2INP |= 0x20;    //初始化PO为下拉
    120          }
   \   000147   D083         POP     DPH
   \   000149   D082         POP     DPL
   \   00014B   02....       LJMP    ?BRET
   \   00014E                REQUIRE _A_P0
   \   00014E                REQUIRE P0DIR

   \                                 In  segment XDATA_ID, align 1, keep-with-next
   \                     `?<Initializer for wendu_ge>`:
   \   000000   04           DB 4

   \                                 In  segment BANK_RELAYS, align 1
   \                     ??Delay_us?relay:
   \   000000   12....       LCALL   ?BDISPATCH
   \   000003   ......       DC24    Delay_us

   \                                 In  segment BANK_RELAYS, align 1
   \                     ??Delay_10us?relay:
   \   000000   12....       LCALL   ?BDISPATCH
   \   000003   ......       DC24    Delay_10us

   \                                 In  segment BANK_RELAYS, align 1
   \                     ??Delay_ms?relay:
   \   000000   12....       LCALL   ?BDISPATCH
   \   000003   ......       DC24    Delay_ms

   \                                 In  segment BANK_RELAYS, align 1
   \                     ??COM?relay:
   \   000000   12....       LCALL   ?BDISPATCH
   \   000003   ......       DC24    COM

   \                                 In  segment BANK_RELAYS, align 1
   \                     ??DHT11?relay:
   \   000000   12....       LCALL   ?BDISPATCH
   \   000003   ......       DC24    DHT11

   Maximum stack usage in bytes:

     Function          ISTACK PSTACK XSTACK
     --------          ------ ------ ------
     COM                   0      0      9
       -> Delay_10us       0      0     18
       -> Delay_10us       0      0     18
       -> Delay_10us       0      0     18
     DHT11                 8      0      0
       -> Delay_ms         4      0      0
       -> Delay_10us       4      0      0
       -> Delay_10us       4      0      0
       -> Delay_10us       4      0      0
       -> Delay_10us       4      0      0
       -> COM              4      0      0
       -> COM              4      0      0
       -> COM              4      0      0
       -> COM              4      0      0
       -> COM              4      0      0
     Delay_10us            2      0      9
       -> Onboard_wait     4      0      0
     Delay_ms              0      0      9
       -> Delay_10us       0      0     18
     Delay_us              2      0      0
       -> Onboard_wait     4      0      0


   Segment part sizes:

     Function/Label              Bytes
     --------------              -----
     _A_P0                          1
     P0DIR                          1
     ucharFLAG                      1
     uchartemp                      1
     shidu_shi                      1
     shidu_ge                       1
     wendu_shi                      1
     wendu_ge                       1
     ucharT_data_H                  1
     ucharT_data_L                  1
     ucharRH_data_H                 1
     ucharRH_data_L                 1
     ucharcheckdata                 1
     ucharT_data_H_temp             1
     ucharT_data_L_temp             1
     ucharRH_data_H_temp            1
     ucharRH_data_L_temp            1
     ucharcheckdata_temp            1
     ucharcomdata                   1
     Delay_us                      18
     Delay_10us                    18
     Delay_ms                      47
     COM                          125
     DHT11                        334
     ?<Initializer for wendu_ge>    1
     ??Delay_us?relay               6
     ??Delay_10us?relay             6
     ??Delay_ms?relay               6
     ??COM?relay                    6
     ??DHT11?relay                  6

 
 542 bytes in segment BANKED_CODE
  30 bytes in segment BANK_RELAYS
   2 bytes in segment SFR_AN
   1 byte  in segment XDATA_I
   1 byte  in segment XDATA_ID
  16 bytes in segment XDATA_Z
 
 573 bytes of CODE  memory
   0 bytes of DATA  memory (+ 2 bytes shared)
  17 bytes of XDATA memory

Errors: none
Warnings: none
