###############################################################################
#                                                                             #
# IAR C/C++ Compiler V8.10.3.10338/W32 for 8051         25/Aug/2018  23:10:11 #
# Copyright 2004-2011 IAR Systems AB.                                         #
#                                                                             #
#    Core               =  plain                                              #
#    Code model         =  banked                                             #
#    Data model         =  large                                              #
#    Calling convention =  xdata reentrant                                    #
#    Constant location  =  data_rom                                           #
#    Dptr setup         =  1,16                                               #
#    Source file        =  F:\work\iot-hardware\logger\logger\Components\hal\ #
#                          target\CC2530EB\hal_flash.c                        #
#    Command line       =  -f F:\work\iot-hardware\logger\logger\Projects\zst #
#                          ack\Samples\GenericApp\CC2530DB\..\..\..\Tools\CC2 #
#                          530DB\f8wEndev.cfg (-DCPU32MHZ -DROOT=__near_func  #
#                          -DMAC_CFG_TX_DATA_MAX=3 -DMAC_CFG_TX_MAX=6         #
#                          -DMAC_CFG_RX_MAX=3) -f F:\work\iot-hardware\logger #
#                          \logger\Projects\zstack\Samples\GenericApp\CC2530D #
#                          B\..\..\..\Tools\CC2530DB\f8wConfig.cfg            #
#                          (-DZIGBEEPRO -DSECURE=0 -DZG_SECURE_DYNAMIC=0      #
#                          -DREFLECTOR -DDEFAULT_CHANLIST=0x00000800          #
#                          -DZDAPP_CONFIG_PAN_ID=0xFFFF                       #
#                          -DNWK_START_DELAY=100 -DEXTENDED_JOINING_RANDOM_MA #
#                          SK=0x007F -DBEACON_REQUEST_DELAY=100               #
#                          -DBEACON_REQ_DELAY_MASK=0x00FF                     #
#                          -DLINK_STATUS_JITTER_MASK=0x007F                   #
#                          -DROUTE_EXPIRY_TIME=30 -DAPSC_ACK_WAIT_DURATION_PO #
#                          LLED=3000 -DNWK_INDIRECT_MSG_TIMEOUT=7             #
#                          -DMAX_RREQ_ENTRIES=8 -DAPSC_MAX_FRAME_RETRIES=3    #
#                          -DNWK_MAX_DATA_RETRIES=2                           #
#                          -DMAX_POLL_FAILURE_RETRIES=2 -DMAX_BCAST=9         #
#                          -DAPS_MAX_GROUPS=16 -DMAX_RTG_ENTRIES=40           #
#                          -DNWK_MAX_BINDING_ENTRIES=4                        #
#                          -DMAX_BINDING_CLUSTER_IDS=4 "-DDEFAULT_KEY={0x01,  #
#                          0x03, 0x05, 0x07, 0x09, 0x0B, 0x0D, 0x0F, 0x00,    #
#                          0x02, 0x04, 0x06, 0x08, 0x0A, 0x0C, 0x0D}"         #
#                          -DMAC_MAX_FRAME_SIZE=116                           #
#                          -DZDNWKMGR_MIN_TRANSMISSIONS=20 "-DCONST=const     #
#                          __code" -DGENERIC=__generic                        #
#                          -DRFD_RCVC_ALWAYS_ON=FALSE -DPOLL_RATE=1000        #
#                          -DQUEUED_POLL_RATE=100 -DRESPONSE_POLL_RATE=100)   #
#                          -DREJOIN_POLL_RATE=440 F:\work\iot-hardware\logger #
#                          \logger\Components\hal\target\CC2530EB\hal_flash.c #
#                           -D NWK_AUTO_POLL -D ZTOOL_P1 -D MT_TASK -D        #
#                          MT_SYS_FUNC -D MT_ZDO_FUNC -D LCD_SUPPORTED=DEBUG  #
#                          -D xPOWER_SAVING -lC F:\work\iot-hardware\logger\l #
#                          ogger\Projects\zstack\Samples\GenericApp\CC2530DB\ #
#                          EndDeviceEB\List\ -lA F:\work\iot-hardware\logger\ #
#                          logger\Projects\zstack\Samples\GenericApp\CC2530DB #
#                          \EndDeviceEB\List\ --diag_suppress Pe001,Pa010 -o  #
#                          F:\work\iot-hardware\logger\logger\Projects\zstack #
#                          \Samples\GenericApp\CC2530DB\EndDeviceEB\Obj\ -e   #
#                          --no_cse --no_unroll --no_inline --no_code_motion  #
#                          --no_tbaa --debug --core=plain --dptr=16,1         #
#                          --data_model=large --code_model=banked             #
#                          --calling_convention=xdata_reentrant               #
#                          --place_constants=data_rom --nr_virtual_regs 16    #
#                          -I F:\work\iot-hardware\logger\logger\Projects\zst #
#                          ack\Samples\GenericApp\CC2530DB\ -I                #
#                          F:\work\iot-hardware\logger\logger\Projects\zstack #
#                          \Samples\GenericApp\CC2530DB\..\Source\ -I         #
#                          F:\work\iot-hardware\logger\logger\Projects\zstack #
#                          \Samples\GenericApp\CC2530DB\..\..\..\ZMain\TI2530 #
#                          DB\ -I F:\work\iot-hardware\logger\logger\Projects #
#                          \zstack\Samples\GenericApp\CC2530DB\..\..\..\..\.. #
#                          \Components\hal\include\ -I                        #
#                          F:\work\iot-hardware\logger\logger\Projects\zstack #
#                          \Samples\GenericApp\CC2530DB\..\..\..\..\..\Compon #
#                          ents\hal\target\CC2530EB\ -I                       #
#                          F:\work\iot-hardware\logger\logger\Projects\zstack #
#                          \Samples\GenericApp\CC2530DB\..\..\..\..\..\Compon #
#                          ents\mac\include\ -I F:\work\iot-hardware\logger\l #
#                          ogger\Projects\zstack\Samples\GenericApp\CC2530DB\ #
#                          ..\..\..\..\..\Components\mac\high_level\ -I       #
#                          F:\work\iot-hardware\logger\logger\Projects\zstack #
#                          \Samples\GenericApp\CC2530DB\..\..\..\..\..\Compon #
#                          ents\mac\low_level\srf04\ -I                       #
#                          F:\work\iot-hardware\logger\logger\Projects\zstack #
#                          \Samples\GenericApp\CC2530DB\..\..\..\..\..\Compon #
#                          ents\mac\low_level\srf04\single_chip\ -I           #
#                          F:\work\iot-hardware\logger\logger\Projects\zstack #
#                          \Samples\GenericApp\CC2530DB\..\..\..\..\..\Compon #
#                          ents\mt\ -I F:\work\iot-hardware\logger\logger\Pro #
#                          jects\zstack\Samples\GenericApp\CC2530DB\..\..\..\ #
#                          ..\..\Components\osal\include\ -I                  #
#                          F:\work\iot-hardware\logger\logger\Projects\zstack #
#                          \Samples\GenericApp\CC2530DB\..\..\..\..\..\Compon #
#                          ents\services\saddr\ -I F:\work\iot-hardware\logge #
#                          r\logger\Projects\zstack\Samples\GenericApp\CC2530 #
#                          DB\..\..\..\..\..\Components\services\sdata\ -I    #
#                          F:\work\iot-hardware\logger\logger\Projects\zstack #
#                          \Samples\GenericApp\CC2530DB\..\..\..\..\..\Compon #
#                          ents\stack\af\ -I F:\work\iot-hardware\logger\logg #
#                          er\Projects\zstack\Samples\GenericApp\CC2530DB\..\ #
#                          ..\..\..\..\Components\stack\nwk\ -I               #
#                          F:\work\iot-hardware\logger\logger\Projects\zstack #
#                          \Samples\GenericApp\CC2530DB\..\..\..\..\..\Compon #
#                          ents\stack\sapi\ -I F:\work\iot-hardware\logger\lo #
#                          gger\Projects\zstack\Samples\GenericApp\CC2530DB\. #
#                          .\..\..\..\..\Components\stack\sec\ -I             #
#                          F:\work\iot-hardware\logger\logger\Projects\zstack #
#                          \Samples\GenericApp\CC2530DB\..\..\..\..\..\Compon #
#                          ents\stack\sys\ -I F:\work\iot-hardware\logger\log #
#                          ger\Projects\zstack\Samples\GenericApp\CC2530DB\.. #
#                          \..\..\..\..\Components\stack\zdo\ -I              #
#                          F:\work\iot-hardware\logger\logger\Projects\zstack #
#                          \Samples\GenericApp\CC2530DB\..\..\..\..\..\Compon #
#                          ents\zmac\ -I F:\work\iot-hardware\logger\logger\P #
#                          rojects\zstack\Samples\GenericApp\CC2530DB\..\..\. #
#                          .\..\..\Components\zmac\f8w\ -Ol                   #
#                          --require_prototypes                               #
#    List file          =  F:\work\iot-hardware\logger\logger\Projects\zstack #
#                          \Samples\GenericApp\CC2530DB\EndDeviceEB\List\hal_ #
#                          flash.lst                                          #
#    Object file        =  F:\work\iot-hardware\logger\logger\Projects\zstack #
#                          \Samples\GenericApp\CC2530DB\EndDeviceEB\Obj\hal_f #
#                          lash.r51                                           #
#                                                                             #
#                                                                             #
###############################################################################

F:\work\iot-hardware\logger\logger\Components\hal\target\CC2530EB\hal_flash.c
      1          /**************************************************************************************************
      2            Filename:       hal_flash.c
      3            Revised:        $Date: 2010-10-07 02:19:52 -0700 (Thu, 07 Oct 2010) $
      4            Revision:       $Revision: 24049 $
      5          
      6            Description: This file contains the interface to the H/W Flash driver.
      7          
      8          
      9            Copyright 2006-2010 Texas Instruments Incorporated. All rights reserved.
     10          
     11            IMPORTANT: Your use of this Software is limited to those specific rights
     12            granted under the terms of a software license agreement between the user
     13            who downloaded the software, his/her employer (which must be your employer)
     14            and Texas Instruments Incorporated (the "License").  You may not use this
     15            Software unless you agree to abide by the terms of the License. The License
     16            limits your use, and you acknowledge, that the Software may not be modified,
     17            copied or distributed unless embedded on a Texas Instruments microcontroller
     18            or used solely and exclusively in conjunction with a Texas Instruments radio
     19            frequency transceiver, which is integrated into your product.  Other than for
     20            the foregoing purpose, you may not use, reproduce, copy, prepare derivative
     21            works of, modify, distribute, perform, display or sell this Software and/or
     22            its documentation for any purpose.
     23          
     24            YOU FURTHER ACKNOWLEDGE AND AGREE THAT THE SOFTWARE AND DOCUMENTATION ARE
     25            PROVIDED “AS IS” WITHOUT WARRANTY OF ANY KIND, EITHER EXPRESS OR IMPLIED,
     26            INCLUDING WITHOUT LIMITATION, ANY WARRANTY OF MERCHANTABILITY, TITLE,
     27            NON-INFRINGEMENT AND FITNESS FOR A PARTICULAR PURPOSE. IN NO EVENT SHALL
     28            TEXAS INSTRUMENTS OR ITS LICENSORS BE LIABLE OR OBLIGATED UNDER CONTRACT,
     29            NEGLIGENCE, STRICT LIABILITY, CONTRIBUTION, BREACH OF WARRANTY, OR OTHER
     30            LEGAL EQUITABLE THEORY ANY DIRECT OR INDIRECT DAMAGES OR EXPENSES
     31            INCLUDING BUT NOT LIMITED TO ANY INCIDENTAL, SPECIAL, INDIRECT, PUNITIVE
     32            OR CONSEQUENTIAL DAMAGES, LOST PROFITS OR LOST DATA, COST OF PROCUREMENT
     33            OF SUBSTITUTE GOODS, TECHNOLOGY, SERVICES, OR ANY CLAIMS BY THIRD PARTIES
     34            (INCLUDING BUT NOT LIMITED TO ANY DEFENSE THEREOF), OR OTHER SIMILAR COSTS.
     35          
     36            Should you have any questions regarding your right to use this Software,
     37            contact Texas Instruments Incorporated at www.TI.com.
     38          **************************************************************************************************/
     39          
     40          /* ------------------------------------------------------------------------------------------------
     41           *                                          Includes
     42           * ------------------------------------------------------------------------------------------------
     43           */
     44          
     45          #include "hal_board_cfg.h"

   \                                 In  segment SFR_AN, at 0xa8
   \   union <unnamed> volatile __sfr _A_IEN0
   \                     _A_IEN0:
   \   000000                DS 1

   \                                 In  segment SFR_AN, at 0xc7
   \   unsigned char volatile __sfr MEMCTR
   \                     MEMCTR:
   \   000000                DS 1

   \                                 In  segment SFR_AN, at 0xd1
   \   unsigned char volatile __sfr DMAIRQ
   \                     DMAIRQ:
   \   000000                DS 1

   \                                 In  segment SFR_AN, at 0xd6
   \   unsigned char volatile __sfr DMAARM
   \                     DMAARM:
   \   000000                DS 1
     46          #include "hal_dma.h"
     47          #include "hal_flash.h"
     48          #include "hal_mcu.h"
     49          #include "hal_types.h"
     50          
     51          /**************************************************************************************************
     52           * @fn          HalFlashRead
     53           *
     54           * @brief       This function reads 'cnt' bytes from the internal flash.
     55           *
     56           * input parameters
     57           *
     58           * @param       pg - A valid flash page number.
     59           * @param       offset - A valid offset into the page.
     60           * @param       buf - A valid buffer space at least as big as the 'cnt' parameter.
     61           * @param       cnt - A valid number of bytes to read.
     62           *
     63           * output parameters
     64           *
     65           * None.
     66           *
     67           * @return      None.
     68           **************************************************************************************************
     69           */

   \                                 In  segment BANKED_CODE, align 1, keep-with-next
     70          void HalFlashRead(uint8 pg, uint16 offset, uint8 *buf, uint16 cnt)
   \                     HalFlashRead:
     71          {
   \   000000   74F5         MOV     A,#-0xb
   \   000002   12....       LCALL   ?BANKED_ENTER_XDATA
   \   000005                ; Saved register size: 11
   \   000005                ; Auto size: 0
   \   000005   89..         MOV     ?V0 + 0,R1
   \   000007   740B         MOV     A,#0xb
   \   000009   12....       LCALL   ?XSTACK_DISP0_8
   \   00000C   E0           MOVX    A,@DPTR
   \   00000D   FE           MOV     R6,A
   \   00000E   A3           INC     DPTR
   \   00000F   E0           MOVX    A,@DPTR
   \   000010   FF           MOV     R7,A
     72            // Calculate the offset into the containing flash bank as it gets mapped into XDATA.
     73            uint8 *pData = (uint8 *)(offset + HAL_FLASH_PAGE_MAP) +
     74                           ((pg % HAL_FLASH_PAGE_PER_BANK) * HAL_FLASH_PAGE_SIZE);
   \   000011   E5..         MOV     A,?V0 + 0
   \   000013   75F010       MOV     B,#0x10
   \   000016   84           DIV     AB
   \   000017   E5F0         MOV     A,B
   \   000019   A8F0         MOV     R0,B
   \   00001B   7900         MOV     R1,#0x0
   \   00001D   E8           MOV     A,R0
   \   00001E   75F000       MOV     B,#0x0
   \   000021   A4           MUL     AB
   \   000022   C8           XCH     A,R0
   \   000023   85F0..       MOV     ?V0 + 1,B
   \   000026   75F008       MOV     B,#0x8
   \   000029   A4           MUL     AB
   \   00002A   25..         ADD     A,?V0 + 1
   \   00002C   F5..         MOV     ?V0 + 1,A
   \   00002E   75F000       MOV     B,#0x0
   \   000031   E9           MOV     A,R1
   \   000032   A4           MUL     AB
   \   000033   25..         ADD     A,?V0 + 1
   \   000035   F9           MOV     R1,A
   \   000036   EA           MOV     A,R2
   \   000037   2400         ADD     A,#0x0
   \   000039   FA           MOV     R2,A
   \   00003A   EB           MOV     A,R3
   \   00003B   3480         ADDC    A,#-0x80
   \   00003D   FB           MOV     R3,A
   \   00003E   EA           MOV     A,R2
   \   00003F   28           ADD     A,R0
   \   000040   F8           MOV     R0,A
   \   000041   EB           MOV     A,R3
   \   000042   39           ADDC    A,R1
   \   000043   F9           MOV     R1,A
     75            uint8 memctr = MEMCTR;  // Save to restore.
   \   000044   E5C7         MOV     A,0xc7
   \   000046   F5..         MOV     ?V0 + 1,A
     76          
     77          #if (!defined HAL_OAD_BOOT_CODE) && (!defined HAL_OTA_BOOT_CODE)
     78            halIntState_t is;
     79          #endif
     80          
     81            pg /= HAL_FLASH_PAGE_PER_BANK;  // Calculate the flash bank from the flash page.
   \   000048   75F010       MOV     B,#0x10
   \   00004B   E5..         MOV     A,?V0 + 0
   \   00004D   84           DIV     AB
   \   00004E   F5..         MOV     ?V0 + 0,A
     82          
     83          #if (!defined HAL_OAD_BOOT_CODE) && (!defined HAL_OTA_BOOT_CODE)
     84            HAL_ENTER_CRITICAL_SECTION(is);
   \   000050   A2AF         MOV     C,0xa8.7
   \   000052   E4           CLR     A
   \   000053   33           RLC     A
   \   000054   F5..         MOV     ?V0 + 2,A
   \   000056   C2AF         CLR     0xa8.7
     85          #endif
     86          
     87            // Calculate and map the containing flash bank into XDATA.
     88            MEMCTR = (MEMCTR & 0xF8) | pg;
   \   000058   E5C7         MOV     A,0xc7
   \   00005A   54F8         ANL     A,#0xf8
   \   00005C   45..         ORL     A,?V0 + 0
   \   00005E   F5C7         MOV     0xc7,A
   \   000060   801C         SJMP    ??HalFlashRead_0
     89          
     90            while (cnt--)
     91            {
     92              *buf++ = *pData++;
   \                     ??HalFlashRead_1:
   \   000062   8882         MOV     DPL,R0
   \   000064   8983         MOV     DPH,R1
   \   000066   E0           MOVX    A,@DPTR
   \   000067   8C82         MOV     DPL,R4
   \   000069   8D83         MOV     DPH,R5
   \   00006B   F0           MOVX    @DPTR,A
   \   00006C   8882         MOV     DPL,R0
   \   00006E   8983         MOV     DPH,R1
   \   000070   A3           INC     DPTR
   \   000071   A882         MOV     R0,DPL
   \   000073   A983         MOV     R1,DPH
   \   000075   8C82         MOV     DPL,R4
   \   000077   8D83         MOV     DPH,R5
   \   000079   A3           INC     DPTR
   \   00007A   AC82         MOV     R4,DPL
   \   00007C   AD83         MOV     R5,DPH
     93            }
   \                     ??HalFlashRead_0:
   \   00007E   EE           MOV     A,R6
   \   00007F   FA           MOV     R2,A
   \   000080   EF           MOV     A,R7
   \   000081   FB           MOV     R3,A
   \   000082   EA           MOV     A,R2
   \   000083   24FF         ADD     A,#-0x1
   \   000085   FE           MOV     R6,A
   \   000086   EB           MOV     A,R3
   \   000087   34FF         ADDC    A,#-0x1
   \   000089   FF           MOV     R7,A
   \   00008A   EA           MOV     A,R2
   \   00008B   4B           ORL     A,R3
   \   00008C   70D4         JNZ     ??HalFlashRead_1
     94          
     95            MEMCTR = memctr;
   \   00008E   85..C7       MOV     0xc7,?V0 + 1
     96          
     97          #if (!defined HAL_OAD_BOOT_CODE) && (!defined HAL_OTA_BOOT_CODE)
     98            HAL_EXIT_CRITICAL_SECTION(is);
   \   000091   E5..         MOV     A,?V0 + 2
   \   000093   A2E0         MOV     C,0xE0 /* A   */.0
   \   000095   92AF         MOV     0xa8.7,C
     99          #endif
    100          }
   \   000097   7F03         MOV     R7,#0x3
   \   000099   02....       LJMP    ?BANKED_LEAVE_XDATA
   \   00009C                REQUIRE MEMCTR
   \   00009C                REQUIRE _A_IEN0
    101          
    102          /**************************************************************************************************
    103           * @fn          HalFlashWrite
    104           *
    105           * @brief       This function writes 'cnt' bytes to the internal flash.
    106           *
    107           * input parameters
    108           *
    109           * @param       addr - Valid HAL flash write address: actual addr / 4 and quad-aligned.
    110           * @param       buf - Valid buffer space at least as big as 'cnt' X 4.
    111           * @param       cnt - Number of 4-byte blocks to write.
    112           *
    113           * output parameters
    114           *
    115           * None.
    116           *
    117           * @return      None.
    118           **************************************************************************************************
    119           */

   \                                 In  segment BANKED_CODE, align 1, keep-with-next
    120          void HalFlashWrite(uint16 addr, uint8 *buf, uint16 cnt)
   \                     HalFlashWrite:
    121          {
   \   000000   74F6         MOV     A,#-0xa
   \   000002   12....       LCALL   ?BANKED_ENTER_XDATA
   \   000005                ; Saved register size: 10
   \   000005                ; Auto size: 0
   \   000005   740A         MOV     A,#0xa
   \   000007   12....       LCALL   ?XSTACK_DISP0_8
   \   00000A   E0           MOVX    A,@DPTR
   \   00000B   F8           MOV     R0,A
   \   00000C   A3           INC     DPTR
   \   00000D   E0           MOVX    A,@DPTR
   \   00000E   F9           MOV     R1,A
    122          #if (defined HAL_DMA) && (HAL_DMA == TRUE)
    123            halDMADesc_t *ch = HAL_NV_DMA_GET_DESC();
   \   00000F   75....       MOV     ?V0 + 0,#dmaCh0 & 0xff
   \   000012   75....       MOV     ?V0 + 1,#(dmaCh0 >> 8) & 0xff
    124          
    125            HAL_DMA_SET_SOURCE(ch, buf);
   \   000015   EC           MOV     A,R4
   \   000016   FE           MOV     R6,A
   \   000017   ED           MOV     A,R5
   \   000018   FF           MOV     R7,A
   \   000019   E4           CLR     A
   \   00001A   EF           MOV     A,R7
   \   00001B   FE           MOV     R6,A
   \   00001C   85..82       MOV     DPL,?V0 + 0
   \   00001F   85..83       MOV     DPH,?V0 + 1
   \   000022   F0           MOVX    @DPTR,A
   \   000023   EC           MOV     A,R4
   \   000024   85..82       MOV     DPL,?V0 + 0
   \   000027   85..83       MOV     DPH,?V0 + 1
   \   00002A   A3           INC     DPTR
   \   00002B   F0           MOVX    @DPTR,A
    126            HAL_DMA_SET_DEST(ch, &FWDATA);
   \   00002C   85..82       MOV     DPL,?V0 + 0
   \   00002F   85..83       MOV     DPH,?V0 + 1
   \   000032   A3           INC     DPTR
   \   000033   A3           INC     DPTR
   \   000034   7462         MOV     A,#0x62
   \   000036   F0           MOVX    @DPTR,A
   \   000037   85..82       MOV     DPL,?V0 + 0
   \   00003A   85..83       MOV     DPH,?V0 + 1
   \   00003D   A3           INC     DPTR
   \   00003E   A3           INC     DPTR
   \   00003F   A3           INC     DPTR
   \   000040   7473         MOV     A,#0x73
   \   000042   F0           MOVX    @DPTR,A
    127            HAL_DMA_SET_VLEN(ch, HAL_DMA_VLEN_USE_LEN);
   \   000043   85..82       MOV     DPL,?V0 + 0
   \   000046   85..83       MOV     DPH,?V0 + 1
   \   000049   A3           INC     DPTR
   \   00004A   A3           INC     DPTR
   \   00004B   A3           INC     DPTR
   \   00004C   A3           INC     DPTR
   \   00004D   E0           MOVX    A,@DPTR
   \   00004E   541F         ANL     A,#0x1f
   \   000050   F0           MOVX    @DPTR,A
   \   000051   85..82       MOV     DPL,?V0 + 0
   \   000054   85..83       MOV     DPH,?V0 + 1
   \   000057   A3           INC     DPTR
   \   000058   A3           INC     DPTR
   \   000059   A3           INC     DPTR
   \   00005A   A3           INC     DPTR
   \   00005B   E0           MOVX    A,@DPTR
   \   00005C   85..82       MOV     DPL,?V0 + 0
   \   00005F   85..83       MOV     DPH,?V0 + 1
   \   000062   A3           INC     DPTR
   \   000063   A3           INC     DPTR
   \   000064   A3           INC     DPTR
   \   000065   A3           INC     DPTR
   \   000066   F0           MOVX    @DPTR,A
    128            HAL_DMA_SET_LEN(ch, (cnt * HAL_FLASH_WORD_SIZE));
   \   000067   75F004       MOV     B,#0x4
   \   00006A   E8           MOV     A,R0
   \   00006B   A4           MUL     AB
   \   00006C   85..82       MOV     DPL,?V0 + 0
   \   00006F   85..83       MOV     DPH,?V0 + 1
   \   000072   A3           INC     DPTR
   \   000073   A3           INC     DPTR
   \   000074   A3           INC     DPTR
   \   000075   A3           INC     DPTR
   \   000076   A3           INC     DPTR
   \   000077   F0           MOVX    @DPTR,A
   \   000078   85..82       MOV     DPL,?V0 + 0
   \   00007B   85..83       MOV     DPH,?V0 + 1
   \   00007E   A3           INC     DPTR
   \   00007F   A3           INC     DPTR
   \   000080   A3           INC     DPTR
   \   000081   A3           INC     DPTR
   \   000082   E0           MOVX    A,@DPTR
   \   000083   54E0         ANL     A,#0xe0
   \   000085   F0           MOVX    @DPTR,A
   \   000086   E8           MOV     A,R0
   \   000087   75F004       MOV     B,#0x4
   \   00008A   A4           MUL     AB
   \   00008B   C8           XCH     A,R0
   \   00008C   ACF0         MOV     R4,B
   \   00008E   75F000       MOV     B,#0x0
   \   000091   A4           MUL     AB
   \   000092   2C           ADD     A,R4
   \   000093   FC           MOV     R4,A
   \   000094   75F004       MOV     B,#0x4
   \   000097   E9           MOV     A,R1
   \   000098   A4           MUL     AB
   \   000099   2C           ADD     A,R4
   \   00009A   F9           MOV     R1,A
   \   00009B   E4           CLR     A
   \   00009C   E9           MOV     A,R1
   \   00009D   F8           MOV     R0,A
   \   00009E   85..82       MOV     DPL,?V0 + 0
   \   0000A1   85..83       MOV     DPH,?V0 + 1
   \   0000A4   A3           INC     DPTR
   \   0000A5   A3           INC     DPTR
   \   0000A6   A3           INC     DPTR
   \   0000A7   A3           INC     DPTR
   \   0000A8   E0           MOVX    A,@DPTR
   \   0000A9   48           ORL     A,R0
   \   0000AA   F0           MOVX    @DPTR,A
    129            HAL_DMA_SET_WORD_SIZE(ch, HAL_DMA_WORDSIZE_BYTE);
   \   0000AB   85..82       MOV     DPL,?V0 + 0
   \   0000AE   85..83       MOV     DPH,?V0 + 1
   \   0000B1   A3           INC     DPTR
   \   0000B2   A3           INC     DPTR
   \   0000B3   A3           INC     DPTR
   \   0000B4   A3           INC     DPTR
   \   0000B5   A3           INC     DPTR
   \   0000B6   A3           INC     DPTR
   \   0000B7   E0           MOVX    A,@DPTR
   \   0000B8   C2E7         CLR     0xE0 /* A   */.7
   \   0000BA   F0           MOVX    @DPTR,A
   \   0000BB   85..82       MOV     DPL,?V0 + 0
   \   0000BE   85..83       MOV     DPH,?V0 + 1
   \   0000C1   A3           INC     DPTR
   \   0000C2   A3           INC     DPTR
   \   0000C3   A3           INC     DPTR
   \   0000C4   A3           INC     DPTR
   \   0000C5   A3           INC     DPTR
   \   0000C6   A3           INC     DPTR
   \   0000C7   E0           MOVX    A,@DPTR
   \   0000C8   85..82       MOV     DPL,?V0 + 0
   \   0000CB   85..83       MOV     DPH,?V0 + 1
   \   0000CE   A3           INC     DPTR
   \   0000CF   A3           INC     DPTR
   \   0000D0   A3           INC     DPTR
   \   0000D1   A3           INC     DPTR
   \   0000D2   A3           INC     DPTR
   \   0000D3   A3           INC     DPTR
   \   0000D4   F0           MOVX    @DPTR,A
    130            HAL_DMA_SET_TRIG_MODE(ch, HAL_DMA_TMODE_SINGLE);
   \   0000D5   85..82       MOV     DPL,?V0 + 0
   \   0000D8   85..83       MOV     DPH,?V0 + 1
   \   0000DB   A3           INC     DPTR
   \   0000DC   A3           INC     DPTR
   \   0000DD   A3           INC     DPTR
   \   0000DE   A3           INC     DPTR
   \   0000DF   A3           INC     DPTR
   \   0000E0   A3           INC     DPTR
   \   0000E1   E0           MOVX    A,@DPTR
   \   0000E2   549F         ANL     A,#0x9f
   \   0000E4   F0           MOVX    @DPTR,A
   \   0000E5   85..82       MOV     DPL,?V0 + 0
   \   0000E8   85..83       MOV     DPH,?V0 + 1
   \   0000EB   A3           INC     DPTR
   \   0000EC   A3           INC     DPTR
   \   0000ED   A3           INC     DPTR
   \   0000EE   A3           INC     DPTR
   \   0000EF   A3           INC     DPTR
   \   0000F0   A3           INC     DPTR
   \   0000F1   E0           MOVX    A,@DPTR
   \   0000F2   85..82       MOV     DPL,?V0 + 0
   \   0000F5   85..83       MOV     DPH,?V0 + 1
   \   0000F8   A3           INC     DPTR
   \   0000F9   A3           INC     DPTR
   \   0000FA   A3           INC     DPTR
   \   0000FB   A3           INC     DPTR
   \   0000FC   A3           INC     DPTR
   \   0000FD   A3           INC     DPTR
   \   0000FE   F0           MOVX    @DPTR,A
    131            HAL_DMA_SET_TRIG_SRC(ch, HAL_DMA_TRIG_FLASH);
   \   0000FF   85..82       MOV     DPL,?V0 + 0
   \   000102   85..83       MOV     DPH,?V0 + 1
   \   000105   A3           INC     DPTR
   \   000106   A3           INC     DPTR
   \   000107   A3           INC     DPTR
   \   000108   A3           INC     DPTR
   \   000109   A3           INC     DPTR
   \   00010A   A3           INC     DPTR
   \   00010B   E0           MOVX    A,@DPTR
   \   00010C   54E0         ANL     A,#0xe0
   \   00010E   F0           MOVX    @DPTR,A
   \   00010F   85..82       MOV     DPL,?V0 + 0
   \   000112   85..83       MOV     DPH,?V0 + 1
   \   000115   A3           INC     DPTR
   \   000116   A3           INC     DPTR
   \   000117   A3           INC     DPTR
   \   000118   A3           INC     DPTR
   \   000119   A3           INC     DPTR
   \   00011A   A3           INC     DPTR
   \   00011B   E0           MOVX    A,@DPTR
   \   00011C   4412         ORL     A,#0x12
   \   00011E   F0           MOVX    @DPTR,A
    132            HAL_DMA_SET_SRC_INC(ch, HAL_DMA_SRCINC_1);
   \   00011F   85..82       MOV     DPL,?V0 + 0
   \   000122   85..83       MOV     DPH,?V0 + 1
   \   000125   A3           INC     DPTR
   \   000126   A3           INC     DPTR
   \   000127   A3           INC     DPTR
   \   000128   A3           INC     DPTR
   \   000129   A3           INC     DPTR
   \   00012A   A3           INC     DPTR
   \   00012B   A3           INC     DPTR
   \   00012C   E0           MOVX    A,@DPTR
   \   00012D   543F         ANL     A,#0x3f
   \   00012F   F0           MOVX    @DPTR,A
   \   000130   85..82       MOV     DPL,?V0 + 0
   \   000133   85..83       MOV     DPH,?V0 + 1
   \   000136   A3           INC     DPTR
   \   000137   A3           INC     DPTR
   \   000138   A3           INC     DPTR
   \   000139   A3           INC     DPTR
   \   00013A   A3           INC     DPTR
   \   00013B   A3           INC     DPTR
   \   00013C   A3           INC     DPTR
   \   00013D   E0           MOVX    A,@DPTR
   \   00013E   D2E6         SETB    0xE0 /* A   */.6
   \   000140   F0           MOVX    @DPTR,A
    133            HAL_DMA_SET_DST_INC(ch, HAL_DMA_DSTINC_0);
   \   000141   85..82       MOV     DPL,?V0 + 0
   \   000144   85..83       MOV     DPH,?V0 + 1
   \   000147   A3           INC     DPTR
   \   000148   A3           INC     DPTR
   \   000149   A3           INC     DPTR
   \   00014A   A3           INC     DPTR
   \   00014B   A3           INC     DPTR
   \   00014C   A3           INC     DPTR
   \   00014D   A3           INC     DPTR
   \   00014E   E0           MOVX    A,@DPTR
   \   00014F   54CF         ANL     A,#0xcf
   \   000151   F0           MOVX    @DPTR,A
   \   000152   85..82       MOV     DPL,?V0 + 0
   \   000155   85..83       MOV     DPH,?V0 + 1
   \   000158   A3           INC     DPTR
   \   000159   A3           INC     DPTR
   \   00015A   A3           INC     DPTR
   \   00015B   A3           INC     DPTR
   \   00015C   A3           INC     DPTR
   \   00015D   A3           INC     DPTR
   \   00015E   A3           INC     DPTR
   \   00015F   E0           MOVX    A,@DPTR
   \   000160   85..82       MOV     DPL,?V0 + 0
   \   000163   85..83       MOV     DPH,?V0 + 1
   \   000166   A3           INC     DPTR
   \   000167   A3           INC     DPTR
   \   000168   A3           INC     DPTR
   \   000169   A3           INC     DPTR
   \   00016A   A3           INC     DPTR
   \   00016B   A3           INC     DPTR
   \   00016C   A3           INC     DPTR
   \   00016D   F0           MOVX    @DPTR,A
    134            // The DMA is to be polled and shall not issue an IRQ upon completion.
    135            HAL_DMA_SET_IRQ(ch, HAL_DMA_IRQMASK_DISABLE);
   \   00016E   85..82       MOV     DPL,?V0 + 0
   \   000171   85..83       MOV     DPH,?V0 + 1
   \   000174   A3           INC     DPTR
   \   000175   A3           INC     DPTR
   \   000176   A3           INC     DPTR
   \   000177   A3           INC     DPTR
   \   000178   A3           INC     DPTR
   \   000179   A3           INC     DPTR
   \   00017A   A3           INC     DPTR
   \   00017B   E0           MOVX    A,@DPTR
   \   00017C   C2E3         CLR     0xE0 /* A   */.3
   \   00017E   F0           MOVX    @DPTR,A
   \   00017F   85..82       MOV     DPL,?V0 + 0
   \   000182   85..83       MOV     DPH,?V0 + 1
   \   000185   A3           INC     DPTR
   \   000186   A3           INC     DPTR
   \   000187   A3           INC     DPTR
   \   000188   A3           INC     DPTR
   \   000189   A3           INC     DPTR
   \   00018A   A3           INC     DPTR
   \   00018B   A3           INC     DPTR
   \   00018C   E0           MOVX    A,@DPTR
   \   00018D   85..82       MOV     DPL,?V0 + 0
   \   000190   85..83       MOV     DPH,?V0 + 1
   \   000193   A3           INC     DPTR
   \   000194   A3           INC     DPTR
   \   000195   A3           INC     DPTR
   \   000196   A3           INC     DPTR
   \   000197   A3           INC     DPTR
   \   000198   A3           INC     DPTR
   \   000199   A3           INC     DPTR
   \   00019A   F0           MOVX    @DPTR,A
    136            HAL_DMA_SET_M8( ch, HAL_DMA_M8_USE_8_BITS);
   \   00019B   85..82       MOV     DPL,?V0 + 0
   \   00019E   85..83       MOV     DPH,?V0 + 1
   \   0001A1   A3           INC     DPTR
   \   0001A2   A3           INC     DPTR
   \   0001A3   A3           INC     DPTR
   \   0001A4   A3           INC     DPTR
   \   0001A5   A3           INC     DPTR
   \   0001A6   A3           INC     DPTR
   \   0001A7   A3           INC     DPTR
   \   0001A8   E0           MOVX    A,@DPTR
   \   0001A9   C2E2         CLR     0xE0 /* A   */.2
   \   0001AB   F0           MOVX    @DPTR,A
   \   0001AC   85..82       MOV     DPL,?V0 + 0
   \   0001AF   85..83       MOV     DPH,?V0 + 1
   \   0001B2   A3           INC     DPTR
   \   0001B3   A3           INC     DPTR
   \   0001B4   A3           INC     DPTR
   \   0001B5   A3           INC     DPTR
   \   0001B6   A3           INC     DPTR
   \   0001B7   A3           INC     DPTR
   \   0001B8   A3           INC     DPTR
   \   0001B9   E0           MOVX    A,@DPTR
   \   0001BA   85..82       MOV     DPL,?V0 + 0
   \   0001BD   85..83       MOV     DPH,?V0 + 1
   \   0001C0   A3           INC     DPTR
   \   0001C1   A3           INC     DPTR
   \   0001C2   A3           INC     DPTR
   \   0001C3   A3           INC     DPTR
   \   0001C4   A3           INC     DPTR
   \   0001C5   A3           INC     DPTR
   \   0001C6   A3           INC     DPTR
   \   0001C7   F0           MOVX    @DPTR,A
    137            HAL_DMA_SET_PRIORITY(ch, HAL_DMA_PRI_HIGH);
   \   0001C8   85..82       MOV     DPL,?V0 + 0
   \   0001CB   85..83       MOV     DPH,?V0 + 1
   \   0001CE   A3           INC     DPTR
   \   0001CF   A3           INC     DPTR
   \   0001D0   A3           INC     DPTR
   \   0001D1   A3           INC     DPTR
   \   0001D2   A3           INC     DPTR
   \   0001D3   A3           INC     DPTR
   \   0001D4   A3           INC     DPTR
   \   0001D5   E0           MOVX    A,@DPTR
   \   0001D6   54FC         ANL     A,#0xfc
   \   0001D8   F0           MOVX    @DPTR,A
   \   0001D9   85..82       MOV     DPL,?V0 + 0
   \   0001DC   85..83       MOV     DPH,?V0 + 1
   \   0001DF   A3           INC     DPTR
   \   0001E0   A3           INC     DPTR
   \   0001E1   A3           INC     DPTR
   \   0001E2   A3           INC     DPTR
   \   0001E3   A3           INC     DPTR
   \   0001E4   A3           INC     DPTR
   \   0001E5   A3           INC     DPTR
   \   0001E6   E0           MOVX    A,@DPTR
   \   0001E7   D2E1         SETB    0xE0 /* A   */.1
   \   0001E9   F0           MOVX    @DPTR,A
    138            HAL_DMA_CLEAR_IRQ(HAL_NV_DMA_CH);
   \   0001EA   75D1FE       MOV     0xd1,#-0x2
    139            HAL_DMA_ARM_CH(HAL_NV_DMA_CH);
   \   0001ED   75D601       MOV     0xd6,#0x1
    140          
    141            FADDRL = (uint8)addr;
   \   0001F0   EA           MOV     A,R2
   \   0001F1   906271       MOV     DPTR,#0x6271
   \   0001F4   F0           MOVX    @DPTR,A
    142            FADDRH = (uint8)(addr >> 8);
   \   0001F5   E4           CLR     A
   \   0001F6   EB           MOV     A,R3
   \   0001F7   FA           MOV     R2,A
   \   0001F8   906272       MOV     DPTR,#0x6272
   \   0001FB   F0           MOVX    @DPTR,A
    143            FCTL |= 0x02;         // Trigger the DMA writes.
   \   0001FC   906270       MOV     DPTR,#0x6270
   \   0001FF   E0           MOVX    A,@DPTR
   \   000200   D2E1         SETB    0xE0 /* A   */.1
   \   000202   F0           MOVX    @DPTR,A
    144            while (FCTL & 0x80);  // Wait until writing is done.
   \                     ??HalFlashWrite_0:
   \   000203   906270       MOV     DPTR,#0x6270
   \   000206   E0           MOVX    A,@DPTR
   \   000207   A2E7         MOV     C,0xE0 /* A   */.7
   \   000209   40F8         JC      ??HalFlashWrite_0
    145          #endif
    146          }
   \   00020B   7F02         MOV     R7,#0x2
   \   00020D   02....       LJMP    ?BANKED_LEAVE_XDATA
   \   000210                REQUIRE DMAIRQ
   \   000210                REQUIRE DMAARM
    147          
    148          /**************************************************************************************************
    149           * @fn          HalFlashErase
    150           *
    151           * @brief       This function erases the specified page of the internal flash.
    152           *
    153           * input parameters
    154           *
    155           * @param       pg - A valid flash page number to erase.
    156           *
    157           * output parameters
    158           *
    159           * None.
    160           *
    161           * @return      None.
    162           **************************************************************************************************
    163           */

   \                                 In  segment BANKED_CODE, align 1, keep-with-next
    164          void HalFlashErase(uint8 pg)
   \                     HalFlashErase:
    165          {
   \   000000   C082         PUSH    DPL
   \   000002   C083         PUSH    DPH
   \   000004                ; Saved register size: 2
   \   000004                ; Auto size: 0
    166            FADDRH = pg * (HAL_FLASH_PAGE_SIZE / HAL_FLASH_WORD_SIZE / 256);
   \   000004   75F002       MOV     B,#0x2
   \   000007   E9           MOV     A,R1
   \   000008   A4           MUL     AB
   \   000009   906272       MOV     DPTR,#0x6272
   \   00000C   F0           MOVX    @DPTR,A
    167            FCTL |= 0x01;
   \   00000D   906270       MOV     DPTR,#0x6270
   \   000010   E0           MOVX    A,@DPTR
   \   000011   D2E0         SETB    0xE0 /* A   */.0
   \   000013   F0           MOVX    @DPTR,A
    168          }
   \   000014   D083         POP     DPH
   \   000016   D082         POP     DPL
   \   000018   02....       LJMP    ?BRET

   \                                 In  segment BANK_RELAYS, align 1
   \                     ??HalFlashRead?relay:
   \   000000   12....       LCALL   ?BDISPATCH
   \   000003   ......       DC24    HalFlashRead

   \                                 In  segment BANK_RELAYS, align 1
   \                     ??HalFlashWrite?relay:
   \   000000   12....       LCALL   ?BDISPATCH
   \   000003   ......       DC24    HalFlashWrite

   \                                 In  segment BANK_RELAYS, align 1
   \                     ??HalFlashErase?relay:
   \   000000   12....       LCALL   ?BDISPATCH
   \   000003   ......       DC24    HalFlashErase
    169          
    170          /**************************************************************************************************
    171          */

   Maximum stack usage in bytes:

     Function      ISTACK PSTACK XSTACK
     --------      ------ ------ ------
     HalFlashErase     2      0      0
     HalFlashRead      1      0     13
     HalFlashWrite     1      0     12


   Segment part sizes:

     Function/Label        Bytes
     --------------        -----
     _A_IEN0                  1
     MEMCTR                   1
     DMAIRQ                   1
     DMAARM                   1
     HalFlashRead           156
     HalFlashWrite          528
     HalFlashErase           27
     ??HalFlashRead?relay     6
     ??HalFlashWrite?relay    6
     ??HalFlashErase?relay    6

 
 711 bytes in segment BANKED_CODE
  18 bytes in segment BANK_RELAYS
   4 bytes in segment SFR_AN
 
 729 bytes of CODE memory
   0 bytes of DATA memory (+ 4 bytes shared)

Errors: none
Warnings: none
