###############################################################################
#                                                                             #
# IAR C/C++ Compiler V8.10.3.10338/W32 for 8051         19/Aug/2018  21:33:12 #
# Copyright 2004-2011 IAR Systems AB.                                         #
#                                                                             #
#    Core               =  plain                                              #
#    Code model         =  banked                                             #
#    Data model         =  large                                              #
#    Calling convention =  xdata reentrant                                    #
#    Constant location  =  data_rom                                           #
#    Dptr setup         =  1,16                                               #
#    Source file        =  F:\work\iot-hardware\logger\logger\Projects\zstack #
#                          \Samples\GenericApp\Source\coordinator.c           #
#    Command line       =  -f F:\work\iot-hardware\logger\logger\Projects\zst #
#                          ack\Samples\GenericApp\CC2530DB\..\..\..\Tools\CC2 #
#                          530DB\f8wCoord.cfg (-DCPU32MHZ -DROOT=__near_func  #
#                          -DMAC_CFG_APP_PENDING_QUEUE=TRUE                   #
#                          -DMAC_CFG_TX_DATA_MAX=5 -DMAC_CFG_TX_MAX=8         #
#                          -DMAC_CFG_RX_MAX=5 -DZDO_COORDINATOR -DRTR_NWK)    #
#                          -f F:\work\iot-hardware\logger\logger\Projects\zst #
#                          ack\Samples\GenericApp\CC2530DB\..\..\..\Tools\CC2 #
#                          530DB\f8wConfig.cfg (-DZIGBEEPRO -DSECURE=0        #
#                          -DZG_SECURE_DYNAMIC=0 -DREFLECTOR                  #
#                          -DDEFAULT_CHANLIST=0x00000800                      #
#                          -DZDAPP_CONFIG_PAN_ID=0xFFFF                       #
#                          -DNWK_START_DELAY=100 -DEXTENDED_JOINING_RANDOM_MA #
#                          SK=0x007F -DBEACON_REQUEST_DELAY=100               #
#                          -DBEACON_REQ_DELAY_MASK=0x00FF                     #
#                          -DLINK_STATUS_JITTER_MASK=0x007F                   #
#                          -DROUTE_EXPIRY_TIME=30 -DAPSC_ACK_WAIT_DURATION_PO #
#                          LLED=3000 -DNWK_INDIRECT_MSG_TIMEOUT=7             #
#                          -DMAX_RREQ_ENTRIES=8 -DAPSC_MAX_FRAME_RETRIES=3    #
#                          -DNWK_MAX_DATA_RETRIES=2                           #
#                          -DMAX_POLL_FAILURE_RETRIES=2 -DMAX_BCAST=9         #
#                          -DAPS_MAX_GROUPS=16 -DMAX_RTG_ENTRIES=40           #
#                          -DNWK_MAX_BINDING_ENTRIES=4                        #
#                          -DMAX_BINDING_CLUSTER_IDS=4 "-DDEFAULT_KEY={0x01,  #
#                          0x03, 0x05, 0x07, 0x09, 0x0B, 0x0D, 0x0F, 0x00,    #
#                          0x02, 0x04, 0x06, 0x08, 0x0A, 0x0C, 0x0D}"         #
#                          -DMAC_MAX_FRAME_SIZE=116                           #
#                          -DZDNWKMGR_MIN_TRANSMISSIONS=20 "-DCONST=const     #
#                          __code" -DGENERIC=__generic                        #
#                          -DRFD_RCVC_ALWAYS_ON=FALSE -DPOLL_RATE=1000        #
#                          -DQUEUED_POLL_RATE=100 -DRESPONSE_POLL_RATE=100)   #
#                          -DREJOIN_POLL_RATE=440 F:\work\iot-hardware\logger #
#                          \logger\Projects\zstack\Samples\GenericApp\Source\ #
#                          coordinator.c -D ZTOOL_P1 -D MT_TASK -D            #
#                          MT_SYS_FUNC -D MT_ZDO_FUNC -D LCD_SUPPORTED=DEBUG  #
#                          -lC F:\work\iot-hardware\logger\logger\Projects\zs #
#                          tack\Samples\GenericApp\CC2530DB\CoordinatorEB\Lis #
#                          t\ -lA F:\work\iot-hardware\logger\logger\Projects #
#                          \zstack\Samples\GenericApp\CC2530DB\CoordinatorEB\ #
#                          List\ --diag_suppress Pe001,Pa010 -o               #
#                          F:\work\iot-hardware\logger\logger\Projects\zstack #
#                          \Samples\GenericApp\CC2530DB\CoordinatorEB\Obj\    #
#                          -e --no_code_motion --debug --core=plain           #
#                          --dptr=16,1 --data_model=large                     #
#                          --code_model=banked --calling_convention=xdata_ree #
#                          ntrant --place_constants=data_rom                  #
#                          --nr_virtual_regs 16 -I F:\work\iot-hardware\logge #
#                          r\logger\Projects\zstack\Samples\GenericApp\CC2530 #
#                          DB\ -I F:\work\iot-hardware\logger\logger\Projects #
#                          \zstack\Samples\GenericApp\CC2530DB\..\Source\ -I  #
#                          F:\work\iot-hardware\logger\logger\Projects\zstack #
#                          \Samples\GenericApp\CC2530DB\..\..\..\ZMain\TI2530 #
#                          DB\ -I F:\work\iot-hardware\logger\logger\Projects #
#                          \zstack\Samples\GenericApp\CC2530DB\..\..\..\..\.. #
#                          \Components\hal\include\ -I                        #
#                          F:\work\iot-hardware\logger\logger\Projects\zstack #
#                          \Samples\GenericApp\CC2530DB\..\..\..\..\..\Compon #
#                          ents\hal\target\CC2530EB\ -I                       #
#                          F:\work\iot-hardware\logger\logger\Projects\zstack #
#                          \Samples\GenericApp\CC2530DB\..\..\..\..\..\Compon #
#                          ents\mac\include\ -I F:\work\iot-hardware\logger\l #
#                          ogger\Projects\zstack\Samples\GenericApp\CC2530DB\ #
#                          ..\..\..\..\..\Components\mac\high_level\ -I       #
#                          F:\work\iot-hardware\logger\logger\Projects\zstack #
#                          \Samples\GenericApp\CC2530DB\..\..\..\..\..\Compon #
#                          ents\mac\low_level\srf04\ -I                       #
#                          F:\work\iot-hardware\logger\logger\Projects\zstack #
#                          \Samples\GenericApp\CC2530DB\..\..\..\..\..\Compon #
#                          ents\mac\low_level\srf04\single_chip\ -I           #
#                          F:\work\iot-hardware\logger\logger\Projects\zstack #
#                          \Samples\GenericApp\CC2530DB\..\..\..\..\..\Compon #
#                          ents\mt\ -I F:\work\iot-hardware\logger\logger\Pro #
#                          jects\zstack\Samples\GenericApp\CC2530DB\..\..\..\ #
#                          ..\..\Components\osal\include\ -I                  #
#                          F:\work\iot-hardware\logger\logger\Projects\zstack #
#                          \Samples\GenericApp\CC2530DB\..\..\..\..\..\Compon #
#                          ents\services\saddr\ -I F:\work\iot-hardware\logge #
#                          r\logger\Projects\zstack\Samples\GenericApp\CC2530 #
#                          DB\..\..\..\..\..\Components\services\sdata\ -I    #
#                          F:\work\iot-hardware\logger\logger\Projects\zstack #
#                          \Samples\GenericApp\CC2530DB\..\..\..\..\..\Compon #
#                          ents\stack\af\ -I F:\work\iot-hardware\logger\logg #
#                          er\Projects\zstack\Samples\GenericApp\CC2530DB\..\ #
#                          ..\..\..\..\Components\stack\nwk\ -I               #
#                          F:\work\iot-hardware\logger\logger\Projects\zstack #
#                          \Samples\GenericApp\CC2530DB\..\..\..\..\..\Compon #
#                          ents\stack\sapi\ -I F:\work\iot-hardware\logger\lo #
#                          gger\Projects\zstack\Samples\GenericApp\CC2530DB\. #
#                          .\..\..\..\..\Components\stack\sec\ -I             #
#                          F:\work\iot-hardware\logger\logger\Projects\zstack #
#                          \Samples\GenericApp\CC2530DB\..\..\..\..\..\Compon #
#                          ents\stack\sys\ -I F:\work\iot-hardware\logger\log #
#                          ger\Projects\zstack\Samples\GenericApp\CC2530DB\.. #
#                          \..\..\..\..\Components\stack\zdo\ -I              #
#                          F:\work\iot-hardware\logger\logger\Projects\zstack #
#                          \Samples\GenericApp\CC2530DB\..\..\..\..\..\Compon #
#                          ents\zmac\ -I F:\work\iot-hardware\logger\logger\P #
#                          rojects\zstack\Samples\GenericApp\CC2530DB\..\..\. #
#                          .\..\..\Components\zmac\f8w\ -Ohz                  #
#                          --require_prototypes                               #
#    List file          =  F:\work\iot-hardware\logger\logger\Projects\zstack #
#                          \Samples\GenericApp\CC2530DB\CoordinatorEB\List\co #
#                          ordinator.lst                                      #
#    Object file        =  F:\work\iot-hardware\logger\logger\Projects\zstack #
#                          \Samples\GenericApp\CC2530DB\CoordinatorEB\Obj\coo #
#                          rdinator.r51                                       #
#                                                                             #
#                                                                             #
###############################################################################

F:\work\iot-hardware\logger\logger\Projects\zstack\Samples\GenericApp\Source\coordinator.c
      1          /******************************************************************************
      2            Filename:       GenericApp.c
      3            Revised:        $Date: 2012-03-07 01:04:58 -0800 (Wed, 07 Mar 2012) $
      4            Revision:       $Revision: 29656 $
      5          
      6            Description:    Generic Application (no Profile).
      7          
      8          
      9            Copyright 2004-2012 Texas Instruments Incorporated. All rights reserved.
     10          
     11            IMPORTANT: Your use of this Software is limited to those specific rights
     12            granted under the terms of a software license agreement between the user
     13            who downloaded the software, his/her employer (which must be your employer)
     14            and Texas Instruments Incorporated (the "License"). You may not use this
     15            Software unless you agree to abide by the terms of the License. The License
     16            limits your use, and you acknowledge, that the Software may not be modified,
     17            copied or distributed unless embedded on a Texas Instruments microcontroller
     18            or used solely and exclusively in conjunction with a Texas Instruments radio
     19            frequency transceiver, which is integrated into your product. Other than for
     20            the foregoing purpose, you may not use, reproduce, copy, prepare derivative
     21            works of, modify, distribute, perform, display or sell this Software and/or
     22            its documentation for any purpose.
     23          
     24            YOU FURTHER ACKNOWLEDGE AND AGREE THAT THE SOFTWARE AND DOCUMENTATION ARE
     25            PROVIDED 揂S IS?WITHOUT WARRANTY OF ANY KIND, EITHER EXPRESS OR IMPLIED,
     26            INCLUDING WITHOUT LIMITATION, ANY WARRANTY OF MERCHANTABILITY, TITLE,
     27            NON-INFRINGEMENT AND FITNESS FOR A PARTICULAR PURPOSE. IN NO EVENT SHALL
     28            TEXAS INSTRUMENTS OR ITS LICENSORS BE LIABLE OR OBLIGATED UNDER CONTRACT,
     29            NEGLIGENCE, STRICT LIABILITY, CONTRIBUTION, BREACH OF WARRANTY, OR OTHER
     30            LEGAL EQUITABLE THEORY ANY DIRECT OR INDIRECT DAMAGES OR EXPENSES
     31            INCLUDING BUT NOT LIMITED TO ANY INCIDENTAL, SPECIAL, INDIRECT, PUNITIVE
     32            OR CONSEQUENTIAL DAMAGES, LOST PROFITS OR LOST DATA, COST OF PROCUREMENT
     33            OF SUBSTITUTE GOODS, TECHNOLOGY, SERVICES, OR ANY CLAIMS BY THIRD PARTIES
     34            (INCLUDING BUT NOT LIMITED TO ANY DEFENSE THEREOF), OR OTHER SIMILAR COSTS.
     35          
     36            Should you have any questions regarding your right to use this Software,
     37            contact Texas Instruments Incorporated at www.TI.com.
     38          ******************************************************************************/
     39          
     40          /*********************************************************************
     41            This application isn't intended to do anything useful, it is
     42            intended to be a simple example of an application's structure.
     43          
     44            This application sends "Hello World" to another "Generic"
     45            application every 5 seconds.  The application will also
     46            receives "Hello World" packets.
     47          
     48            The "Hello World" messages are sent/received as MSG type message.
     49          
     50            This applications doesn't have a profile, so it handles everything
     51            directly - itself.
     52          
     53            Key control:
     54              SW1:
     55              SW2:  initiates end device binding
     56              SW3:
     57              SW4:  initiates a match description request
     58          *********************************************************************/
     59          
     60          /*********************************************************************
     61           * INCLUDES
     62           */
     63          #include "OSAL.h"
     64          #include "AF.h"
     65          #include "ZDApp.h"
     66          #include "ZDObject.h"
     67          #include "ZDProfile.h"
     68          
     69          #include "GenericApp.h"
     70          #include "DebugTrace.h"
     71          
     72          #if !defined( WIN32 )
     73            #include "OnBoard.h"

   \                                 In  segment SFR_AN, at 0x90
   \   union <unnamed> volatile __sfr _A_P1
   \                     _A_P1:
   \   000000                DS 1

   \                                 In  segment SFR_AN, at 0xf4
   \   unsigned char volatile __sfr P1SEL
   \                     P1SEL:
   \   000000                DS 1

   \                                 In  segment SFR_AN, at 0xf7
   \   unsigned char volatile __sfr P2INP
   \                     P2INP:
   \   000000                DS 1

   \                                 In  segment SFR_AN, at 0xfe
   \   unsigned char volatile __sfr P1DIR
   \                     P1DIR:
   \   000000                DS 1
     74          #endif
     75          #include "string.h"
     76          /* HAL */
     77          #include "hal_lcd.h"
     78          #include "hal_led.h"
     79          #include "hal_key.h"
     80          #include "hal_uart.h"
     81          
     82          #include "simI2C.h"
     83          
     84          
     85          /* RTOS */
     86          #if defined( IAR_ARMCM3_LM )
     87          #include "RTOS_App.h"
     88          #endif  
     89          
     90          /*********************************************************************
     91           * MACROS
     92           */
     93          
     94          /*********************************************************************
     95           * CONSTANTS
     96           */
     97          
     98          /*********************************************************************
     99           * TYPEDEFS
    100           */
    101          
    102          /*********************************************************************
    103           * GLOBAL VARIABLES
    104           */
    105          // This list should be filled with Application specific Cluster IDs.

   \                                 In  segment XDATA_ROM_C, align 1
    106          const cId_t GenericApp_ClusterList[GENERICAPP_MAX_CLUSTERS] =
   \                     GenericApp_ClusterList:
   \   000000   0100         DW 1
   \   000002   0200         DW 2
    107          {
    108            GENERICAPP_HTID,
    109            GENERICAPP_RSPID
    110            	
    111          };
    112          

   \                                 In  segment XDATA_ROM_C, align 1
    113          const SimpleDescriptionFormat_t GenericApp_SimpleDesc =
   \                     GenericApp_SimpleDesc:
   \   000000   0A           DB 10
   \   000001   040F         DW 3844
   \   000003   0100         DW 1
   \   000005   00           DB 0
   \   000006   02           DB 2
   \   000007   ....         DW GenericApp_ClusterList
   \   000009   02           DB 2
   \   00000A   ....         DW GenericApp_ClusterList
    114          {
    115            GENERICAPP_ENDPOINT,              //  int Endpoint;
    116            GENERICAPP_PROFID,                //  uint16 AppProfId[2];
    117            GENERICAPP_DEVICEID,              //  uint16 AppDeviceId[2];
    118            GENERICAPP_DEVICE_VERSION,        //  int   AppDevVer:4;
    119            GENERICAPP_FLAGS,                 //  int   AppFlags:4;
    120            GENERICAPP_MAX_CLUSTERS,          //  byte  AppNumInClusters;
    121            (cId_t *)GenericApp_ClusterList,  //  byte *pAppInClusterList;
    122            GENERICAPP_MAX_CLUSTERS,          //  byte  AppNumInClusters;
    123            (cId_t *)GenericApp_ClusterList   //  byte *pAppInClusterList;
    124          };
    125          
    126          // This is the Endpoint/Interface description.  It is defined here, but
    127          // filled-in in GenericApp_Init().  Another way to go would be to fill
    128          // in the structure here and make it a "const" (in code space).  The
    129          // way it's defined in this sample app it is define in RAM.

   \                                 In  segment XDATA_Z, align 1, keep-with-next
    130          endPointDesc_t GenericApp_epDesc;
   \                     GenericApp_epDesc:
   \   000000                DS 6
   \   000006                REQUIRE __INIT_XDATA_Z
    131          
    132          /*********************************************************************
    133           * EXTERNAL VARIABLES
    134           */
    135          
    136          /*********************************************************************
    137           * EXTERNAL FUNCTIONS
    138           */
    139          
    140          /*********************************************************************
    141           * LOCAL VARIABLES
    142           */

   \                                 In  segment XDATA_Z, align 1, keep-with-next
    143          byte GenericApp_TaskID;   // Task ID for internal task/event processing
   \                     GenericApp_TaskID:
   \   000000                DS 1
   \   000001                REQUIRE __INIT_XDATA_Z
    144                                    // This variable will be received when
    145                                    // GenericApp_Init() is called.

   \                                 In  segment XDATA_Z, align 1, keep-with-next
    146          devStates_t GenericApp_NwkState;
   \                     GenericApp_NwkState:
   \   000000                DS 1
   \   000001                REQUIRE __INIT_XDATA_Z
    147          
    148          

   \                                 In  segment XDATA_Z, align 1, keep-with-next
    149          byte GenericApp_TransID;  // This is the unique message ID (counter)
   \                     GenericApp_TransID:
   \   000000                DS 1
   \   000001                REQUIRE __INIT_XDATA_Z
    150          

   \                                 In  segment XDATA_Z, align 1, keep-with-next
    151          afAddrType_t GenericApp_DstAddr;
   \                     GenericApp_DstAddr:
   \   000000                DS 12
   \   00000C                REQUIRE __INIT_XDATA_Z
    152          
    153          
    154          //add guojun
    155          #define MAX_GW_COLLECT_COUNT 12 //1分钟发一次 120*GENERICAPP_SEND_MSG_TIMEOUT
    156          

   \                                 In  segment XDATA_Z, align 1, keep-with-next
    157          byte gw_collect_count=0;
   \                     gw_collect_count:
   \   000000                DS 1
   \   000001                REQUIRE __INIT_XDATA_Z
    158          
    159          #define  WATER_DATA P1_6
    160          #define  SMOKE_DATA P1_7
    161          
    162          //END ADDED
    163          
    164          /*********************************************************************
    165           * LOCAL FUNCTIONS
    166           */
    167          static void GenericApp_ProcessZDOMsgs( zdoIncomingMsg_t *inMsg );
    168          static void GenericApp_HandleKeys( byte shift, byte keys );
    169          static void GenericApp_MessageMSGCB( afIncomingMSGPacket_t *pckt );
    170          static void GenericApp_SendTheMessage( void );
    171          
    172          #if defined( IAR_ARMCM3_LM )
    173          static void GenericApp_ProcessRtosMessage( void );
    174          #endif
    175          
    176          
    177          
    178          /*********************************************************************
    179           * NETWORK LAYER CALLBACKS
    180           */
    181          
    182          /*********************************************************************
    183           * PUBLIC FUNCTIONS
    184           */
    185          
    186          /*********************************************************************
    187           * @fn      GenericApp_Init
    188           *
    189           * @brief   Initialization function for the Generic App Task.
    190           *          This is called during initialization and should contain
    191           *          any application specific initialization (ie. hardware
    192           *          initialization/setup, table initialization, power up
    193           *          notificaiton ... ).
    194           *
    195           * @param   task_id - the ID assigned by OSAL.  This ID should be
    196           *                    used to send messages and set timers.
    197           *
    198           * @return  none
    199           */
    200          
    201          
    202          
    203          

   \                                 In  segment BANKED_CODE, align 1, keep-with-next
    204          void GenericApp_Init( uint8 task_id )
   \                     GenericApp_Init:
    205          {
   \   000000   74F7         MOV     A,#-0x9
   \   000002   12....       LCALL   ?BANKED_ENTER_XDATA
   \   000005                ; Saved register size: 9
   \   000005                ; Auto size: 29
   \   000005   74E3         MOV     A,#-0x1d
   \   000007   12....       LCALL   ?ALLOC_XSTACK8
   \   00000A   E9           MOV     A,R1
    206            GenericApp_TaskID = task_id;
   \   00000B   90....       MOV     DPTR,#GenericApp_TaskID
   \   00000E   F0           MOVX    @DPTR,A
    207            GenericApp_NwkState = DEV_INIT;
   \   00000F   90....       MOV     DPTR,#GenericApp_NwkState
   \   000012   7401         MOV     A,#0x1
   \   000014   F0           MOVX    @DPTR,A
    208            GenericApp_TransID = 0;
   \   000015   90....       MOV     DPTR,#GenericApp_TransID
   \   000018   12....       LCALL   ?Subroutine0 & 0xFFFF
    209            
    210              halUARTCfg_t uartConfig;//我加的，定义一个串口结构体。
    211              uartConfig.configured = TRUE;
   \                     ??CrossCallReturnLabel_8:
   \   00001B   04           INC     A
   \   00001C   F0           MOVX    @DPTR,A
    212              uartConfig.baudRate = HAL_UART_BR_115200;
   \   00001D   12....       LCALL   ?XSTACK_DISP0_8
   \   000020   7404         MOV     A,#0x4
   \   000022   F0           MOVX    @DPTR,A
    213              uartConfig.flowControl = FALSE;
   \   000023   7402         MOV     A,#0x2
   \   000025   12....       LCALL   ?XSTACK_DISP0_8
   \   000028   12....       LCALL   ?Subroutine0 & 0xFFFF
    214              HalUARTOpen (0,&uartConfig);
   \                     ??CrossCallReturnLabel_9:
   \   00002B   AA82         MOV     R2,DPL
   \   00002D   AB83         MOV     R3,DPH
   \   00002F   F9           MOV     R1,A
   \   000030   12....       LCALL   ??HalUARTOpen?relay
    215              HalUARTWrite(0,"1234",4);//我加的
   \   000033                ; Setup parameters for call to function HalUARTWrite
   \   000033   7C04         MOV     R4,#0x4
   \   000035   7D00         MOV     R5,#0x0
   \   000037   7A..         MOV     R2,#`?<Constant "1234">` & 0xff
   \   000039   7B..         MOV     R3,#(`?<Constant "1234">` >> 8) & 0xff
   \   00003B   7900         MOV     R1,#0x0
   \   00003D   12....       LCALL   ??HalUARTWrite?relay
    216          
    217            // Device hardware initialization can be added here or in main() (Zmain.c).
    218            // If the hardware is application specific - add it here.
    219            // If the hardware is other parts of the device add it in main().
    220              
    221              //add by guojun to test GPIO 1.0 1.1 (SCL and SDA)
    222          	//初始化I2C 模拟管脚
    223              P2INP |= 0x40;    //初始化为下拉
   \   000040   43F740       ORL     0xf7,#0x40
    224              P1SEL &= 0xFC;               //P1.0 和 P1.1定义为io口
   \   000043   53F4FC       ANL     0xf4,#0xfc
    225              P1DIR |= 0x03;               //P1.0和P1.1定义为输出口,由于设置为输出，所有P1INP寄存器就不用设置了，而且P1INP中没有对P10和P11的配置，
   \   000046   43FE03       ORL     0xfe,#0x3
    226                                           //因为这两个口有超强的驱动能力，    
    227              P1_0 = 1;
   \   000049   D290         SETB    0x90.0
    228              P1_1 = 1;
   \   00004B   D291         SETB    0x90.1
    229          
    230          	//初始化GPIO输入 P1.6/1.7
    231              P1SEL &= ~0xC0;     //设置P1.6/1.7为普通IO口  
   \   00004D   53F43F       ANL     0xf4,#0x3f
    232              P1DIR &= ~0xC0;    //外置IO接在P1.6/1.7口上，设为输入模式 
   \   000050   53FE3F       ANL     0xfe,#0x3f
    233            //  P1INP &= ~0xC0;     //打开P1.6/1.7上拉电阻	
    234          //end guojun added
    235              
    236            GenericApp_DstAddr.addrMode = (afAddrMode_t)AddrBroadcast;
   \   000053   90....       MOV     DPTR,#GenericApp_DstAddr + 8
   \   000056   740F         MOV     A,#0xf
   \   000058   F0           MOVX    @DPTR,A
    237            GenericApp_DstAddr.endPoint = GENERICAPP_ENDPOINT;
   \   000059   A3           INC     DPTR
   \   00005A   740A         MOV     A,#0xa
   \   00005C   F0           MOVX    @DPTR,A
    238            GenericApp_DstAddr.addr.shortAddr = 0xFFFF;
   \   00005D   90....       MOV     DPTR,#GenericApp_DstAddr
   \   000060   74FF         MOV     A,#-0x1
   \   000062   F0           MOVX    @DPTR,A
   \   000063   A3           INC     DPTR
   \   000064   F0           MOVX    @DPTR,A
    239          
    240            // Fill out the endpoint description.
    241            GenericApp_epDesc.endPoint = GENERICAPP_ENDPOINT;
   \   000065   90....       MOV     DPTR,#GenericApp_epDesc
   \   000068   740A         MOV     A,#0xa
   \   00006A   F0           MOVX    @DPTR,A
    242            GenericApp_epDesc.task_id = &GenericApp_TaskID;
   \   00006B   A3           INC     DPTR
   \   00006C   74..         MOV     A,#GenericApp_TaskID & 0xff
   \   00006E   F0           MOVX    @DPTR,A
   \   00006F   A3           INC     DPTR
   \   000070   74..         MOV     A,#(GenericApp_TaskID >> 8) & 0xff
   \   000072   F0           MOVX    @DPTR,A
    243            GenericApp_epDesc.simpleDesc
    244                      = (SimpleDescriptionFormat_t *)&GenericApp_SimpleDesc;
   \   000073   A3           INC     DPTR
   \   000074   74..         MOV     A,#GenericApp_SimpleDesc & 0xff
   \   000076   F0           MOVX    @DPTR,A
   \   000077   A3           INC     DPTR
   \   000078   74..         MOV     A,#(GenericApp_SimpleDesc >> 8) & 0xff
   \   00007A   F0           MOVX    @DPTR,A
    245            GenericApp_epDesc.latencyReq = noLatencyReqs;
   \   00007B   A3           INC     DPTR
   \   00007C   E4           CLR     A
   \   00007D   F0           MOVX    @DPTR,A
    246          
    247            // Register the endpoint description with the AF
    248            afRegister( &GenericApp_epDesc );
   \   00007E                ; Setup parameters for call to function afRegister
   \   00007E   7A..         MOV     R2,#GenericApp_epDesc & 0xff
   \   000080   7B..         MOV     R3,#(GenericApp_epDesc >> 8) & 0xff
   \   000082   12....       LCALL   ??afRegister?relay
    249          
    250            // Register for all key events - This app will handle all key events
    251            RegisterForKeys( GenericApp_TaskID );
   \   000085                ; Setup parameters for call to function RegisterForKeys
   \   000085   90....       MOV     DPTR,#GenericApp_TaskID
   \   000088   E0           MOVX    A,@DPTR
   \   000089   F9           MOV     R1,A
   \   00008A   12....       LCALL   ??RegisterForKeys?relay
    252          
    253            // Update the display
    254          #if defined ( LCD_SUPPORTED )
    255            HalLcdWriteString( "GenericApp", HAL_LCD_LINE_1 );
   \   00008D                ; Setup parameters for call to function HalLcdWriteString
   \   00008D   7901         MOV     R1,#0x1
   \   00008F   7A..         MOV     R2,#`?<Constant "GenericApp">` & 0xff
   \   000091   7B..         MOV     R3,#(`?<Constant "GenericApp">` >> 8) & 0xff
   \   000093   12....       LCALL   ??HalLcdWriteString?relay
    256          #endif
    257          
    258            ZDO_RegisterForZDOMsg( GenericApp_TaskID, End_Device_Bind_rsp );
   \   000096                ; Setup parameters for call to function ZDO_RegisterForZDOMsg
   \   000096   7A20         MOV     R2,#0x20
   \   000098   7B80         MOV     R3,#-0x80
   \   00009A   90....       MOV     DPTR,#GenericApp_TaskID
   \   00009D   E0           MOVX    A,@DPTR
   \   00009E   F9           MOV     R1,A
   \   00009F   12....       LCALL   ??ZDO_RegisterForZDOMsg?relay
    259            ZDO_RegisterForZDOMsg( GenericApp_TaskID, Match_Desc_rsp );
   \   0000A2                ; Setup parameters for call to function ZDO_RegisterForZDOMsg
   \   0000A2   7A06         MOV     R2,#0x6
   \   0000A4   7B80         MOV     R3,#-0x80
   \   0000A6   90....       MOV     DPTR,#GenericApp_TaskID
   \   0000A9   E0           MOVX    A,@DPTR
   \   0000AA   F9           MOV     R1,A
   \   0000AB   12....       LCALL   ??ZDO_RegisterForZDOMsg?relay
    260          
    261          #if defined( IAR_ARMCM3_LM )
    262            // Register this task with RTOS task initiator
    263            RTOS_RegisterApp( task_id, GENERICAPP_RTOS_MSG_EVT );
    264          #endif
    265          	//add:启动30秒定时器检测
    266          	
    267          	osal_start_timerEx( GenericApp_TaskID,
    268          						GENERICAPP_GPIO_COLLECT,
    269          						GENERICAPP_GPIO_COLLECT_TIMEOUT );
   \   0000AE                ; Setup parameters for call to function osal_start_timerEx
   \   0000AE   12....       LCALL   ?Subroutine2 & 0xFFFF
    270          
    271          }
   \                     ??CrossCallReturnLabel_4:
   \   0000B1   741D         MOV     A,#0x1d
   \   0000B3   12....       LCALL   ?DEALLOC_XSTACK8
   \   0000B6   7F01         MOV     R7,#0x1
   \   0000B8   02....       LJMP    ?BANKED_LEAVE_XDATA
   \   0000BB                REQUIRE P2INP
   \   0000BB                REQUIRE P1SEL
   \   0000BB                REQUIRE P1DIR
   \   0000BB                REQUIRE _A_P1

   \                                 In  segment BANKED_CODE, align 1, keep-with-next
   \                     ?Subroutine2:
   \   000000   7CB8         MOV     R4,#-0x48
   \   000002   7D0B         MOV     R5,#0xb
   \   000004   7A02         MOV     R2,#0x2
   \   000006                REQUIRE ??Subroutine5_0
   \   000006                ; // Fall through to label ??Subroutine5_0

   \                                 In  segment BANKED_CODE, align 1, keep-with-next
   \                     ??Subroutine5_0:
   \   000000   7B00         MOV     R3,#0x0
   \   000002   90....       MOV     DPTR,#GenericApp_TaskID
   \   000005   E0           MOVX    A,@DPTR
   \   000006   F9           MOV     R1,A
   \   000007   12....       LCALL   ??osal_start_timerEx?relay
   \   00000A   22           RET

   \                                 In  segment BANKED_CODE, align 1, keep-with-next
   \                     ?Subroutine0:
   \   000000   E4           CLR     A
   \   000001                REQUIRE ??Subroutine6_0
   \   000001                ; // Fall through to label ??Subroutine6_0

   \                                 In  segment BANKED_CODE, align 1, keep-with-next
   \                     ??Subroutine6_0:
   \   000000   F0           MOVX    @DPTR,A
   \   000001                ; Setup parameters for call to function HalUARTOpen
   \   000001   85..82       MOV     DPL,?XSP + 0
   \   000004   85..83       MOV     DPH,?XSP + 1
   \   000007   22           RET
    272          
    273          /*********************************************************************
    274           * @fn      GenericApp_ProcessEvent
    275           *
    276           * @brief   Generic Application Task event processor.  This function
    277           *          is called to process all events for the task.  Events
    278           *          include timers, messages and any other user defined events.
    279           *
    280           * @param   task_id  - The OSAL assigned task ID.
    281           * @param   events - events to process.  This is a bit map and can
    282           *                   contain more than one event.
    283           *
    284           * @return  none
    285           */

   \                                 In  segment BANKED_CODE, align 1, keep-with-next
    286          uint16 GenericApp_ProcessEvent( uint8 task_id, uint16 events )
   \                     GenericApp_ProcessEvent:
    287          {
   \   000000   74F2         MOV     A,#-0xe
   \   000002   12....       LCALL   ?BANKED_ENTER_XDATA
   \   000005                ; Saved register size: 14
   \   000005                ; Auto size: 4
   \   000005   74FC         MOV     A,#-0x4
   \   000007   12....       LCALL   ?ALLOC_XSTACK8
   \   00000A   EA           MOV     A,R2
   \   00000B   FE           MOV     R6,A
   \   00000C   EB           MOV     A,R3
   \   00000D   FF           MOV     R7,A
    288           
    289          
    290            afIncomingMSGPacket_t *MSGpkt;
    291            afDataConfirm_t *afDataConfirm;
    292          
    293            // Data Confirmation message fields
    294            byte sentEP;
    295            ZStatus_t sentStatus;
    296            byte sentTransID;       // This should match the value sent
    297            (void)task_id;  // Intentionally unreferenced parameter
    298            unsigned char buf[4];
    299           
    300          
    301            if ( events & SYS_EVENT_MSG )
   \   00000E   5480         ANL     A,#0x80
   \   000010   7003         JNZ     $+5
   \   000012   02....       LJMP    ??GenericApp_ProcessEvent_0 & 0xFFFF
    302            {
    303              MSGpkt = (afIncomingMSGPacket_t *)osal_msg_receive( GenericApp_TaskID );
   \   000015                ; Setup parameters for call to function osal_msg_receive
   \   000015   8024         SJMP    ??GenericApp_ProcessEvent_1
    304              while ( MSGpkt )
    305              {
    306                switch ( MSGpkt->hdr.event )
    307                {
    308                  case ZDO_CB_MSG:
    309                    GenericApp_ProcessZDOMsgs( (zdoIncomingMsg_t *)MSGpkt );
    310                    break;
    311          
    312                  case KEY_CHANGE:
    313                    GenericApp_HandleKeys( ((keyChange_t *)MSGpkt)->state, ((keyChange_t *)MSGpkt)->keys );
    314                    break;
    315          
    316                  case AF_DATA_CONFIRM_CMD:
    317                    // This message is received as a confirmation of a data packet sent.
    318                    // The status is of ZStatus_t type [defined in ZComDef.h]
    319                    // The message fields are defined in AF.h
    320                    afDataConfirm = (afDataConfirm_t *)MSGpkt;
    321                    sentEP = afDataConfirm->endpoint;
    322                    sentStatus = afDataConfirm->hdr.status;
    323                    sentTransID = afDataConfirm->transID;
    324                    (void)sentEP;
    325                    (void)sentTransID;
    326          
    327                    // Action taken when confirmation is received.
    328                    if ( sentStatus != ZSuccess )
    329                    {
    330                      // The data wasn't delivered -- Do something
    331                    }
    332                    break;
    333          
    334                  case AF_INCOMING_MSG_CMD:
    335                    GenericApp_MessageMSGCB( MSGpkt );
    336                    break;
    337          
    338                  case ZDO_STATE_CHANGE:
    339                    GenericApp_NwkState = (devStates_t)(MSGpkt->hdr.status);
   \                     ??GenericApp_ProcessEvent_2:
   \   000017   A3           INC     DPTR
   \   000018   E0           MOVX    A,@DPTR
   \   000019   90....       MOV     DPTR,#GenericApp_NwkState
   \   00001C   F0           MOVX    @DPTR,A
    340                    if ( (GenericApp_NwkState == DEV_ZB_COORD)
    341                        || (GenericApp_NwkState == DEV_ROUTER)
    342                        || (GenericApp_NwkState == DEV_END_DEVICE) )
   \   00001D   6409         XRL     A,#0x9
   \   00001F   600A         JZ      ??GenericApp_ProcessEvent_3
   \   000021   E0           MOVX    A,@DPTR
   \   000022   6407         XRL     A,#0x7
   \   000024   6005         JZ      ??GenericApp_ProcessEvent_3
   \   000026   E0           MOVX    A,@DPTR
   \   000027   6406         XRL     A,#0x6
   \   000029   7009         JNZ     ??CrossCallReturnLabel_6
    343                    {
    344                      // Start sending "the" message in a regular interval.
    345                      osal_start_timerEx( GenericApp_TaskID,
    346                                          GENERICAPP_SEND_MSG_EVT,
    347                                          GENERICAPP_SEND_MSG_TIMEOUT );
   \                     ??GenericApp_ProcessEvent_3:
   \   00002B                ; Setup parameters for call to function osal_start_timerEx
   \   00002B   7C30         MOV     R4,#0x30
   \   00002D   7D75         MOV     R5,#0x75
   \   00002F   7A01         MOV     R2,#0x1
   \   000031   12....       LCALL   ??Subroutine5_0 & 0xFFFF
    348                    }
    349                    break;
    350          
    351                  default:
    352                    break;
    353                }
    354          
    355                // Release the memory
    356                osal_msg_deallocate( (uint8 *)MSGpkt );
   \                     ??CrossCallReturnLabel_6:
   \   000034                ; Setup parameters for call to function osal_msg_deallocate
   \   000034   AA..         MOV     R2,?V0 + 0
   \   000036   AB..         MOV     R3,?V0 + 1
   \   000038   12....       LCALL   ??osal_msg_deallocate?relay
    357          
    358                // Next
    359                MSGpkt = (afIncomingMSGPacket_t *)osal_msg_receive( GenericApp_TaskID );
   \   00003B                ; Setup parameters for call to function osal_msg_receive
   \                     ??GenericApp_ProcessEvent_1:
   \   00003B   90....       MOV     DPTR,#GenericApp_TaskID
   \   00003E   E0           MOVX    A,@DPTR
   \   00003F   F9           MOV     R1,A
   \   000040   12....       LCALL   ??osal_msg_receive?relay
   \   000043   8A..         MOV     ?V0 + 0,R2
   \   000045   8B..         MOV     ?V0 + 1,R3
   \   000047   E5..         MOV     A,?V0 + 0
   \   000049   45..         ORL     A,?V0 + 1
   \   00004B   7003         JNZ     $+5
   \   00004D   02....       LJMP    ??GenericApp_ProcessEvent_4 & 0xFFFF
   \   000050   85..82       MOV     DPL,?V0 + 0
   \   000053   85..83       MOV     DPH,?V0 + 1
   \   000056   E0           MOVX    A,@DPTR
   \   000057   24E6         ADD     A,#-0x1a
   \   000059   7003         JNZ     $+5
   \   00005B   02....       LJMP    ??GenericApp_ProcessEvent_5 & 0xFFFF
   \   00005E   245A         ADD     A,#0x5a
   \   000060   7003         JNZ     $+5
   \   000062   02....       LJMP    ??GenericApp_ProcessEvent_6 & 0xFFFF
   \   000065   24EF         ADD     A,#-0x11
   \   000067   60AE         JZ      ??GenericApp_ProcessEvent_2
   \   000069   24FE         ADD     A,#-0x2
   \   00006B   70C7         JNZ     ??CrossCallReturnLabel_6
   \   00006D   E5..         MOV     A,?V0 + 0
   \   00006F   240C         ADD     A,#0xc
   \   000071   12....       LCALL   ?Subroutine3 & 0xFFFF
   \                     ??CrossCallReturnLabel_14:
   \   000074   F5..         MOV     ?V0 + 2,A
   \   000076   A3           INC     DPTR
   \   000077   E0           MOVX    A,@DPTR
   \   000078   F5..         MOV     ?V0 + 3,A
   \   00007A   78..         MOV     R0,#?V0 + 2
   \   00007C   12....       LCALL   ?US_SWITCH_SPARSE
   \                     `?<Jumptable for GenericApp_ProcessEvent>_0`:
   \   00007F   0000         DW        0
   \   000081   0200         DW        2
   \   000083   0680         DW        32774
   \   000085   ....         DW        ??GenericApp_ProcessEvent_7
   \   000087   2080         DW        32800
   \   000089   ....         DW        ??GenericApp_ProcessEvent_8
   \   00008B   ....         DW        ??CrossCallReturnLabel_6
   \                     ??GenericApp_ProcessEvent_7:
   \   00008D                ; Setup parameters for call to function ZDO_ParseEPListRsp
   \   00008D   AA..         MOV     R2,?V0 + 0
   \   00008F   AB..         MOV     R3,?V0 + 1
   \   000091   12....       LCALL   ??ZDO_ParseEPListRsp?relay
   \   000094   8A..         MOV     ?V0 + 2,R2
   \   000096   8B..         MOV     ?V0 + 3,R3
   \   000098   EA           MOV     A,R2
   \   000099   45..         ORL     A,?V0 + 3
   \   00009B   6097         JZ      ??CrossCallReturnLabel_6
   \   00009D   8A82         MOV     DPL,R2
   \   00009F   8B83         MOV     DPH,R3
   \   0000A1   E0           MOVX    A,@DPTR
   \   0000A2   7027         JNZ     ??GenericApp_ProcessEvent_9
   \   0000A4   A3           INC     DPTR
   \   0000A5   A3           INC     DPTR
   \   0000A6   A3           INC     DPTR
   \   0000A7   E0           MOVX    A,@DPTR
   \   0000A8   6021         JZ      ??GenericApp_ProcessEvent_9
   \   0000AA   90....       MOV     DPTR,#GenericApp_DstAddr + 8
   \   0000AD   7402         MOV     A,#0x2
   \   0000AF   F0           MOVX    @DPTR,A
   \   0000B0   8A82         MOV     DPL,R2
   \   0000B2   8B83         MOV     DPH,R3
   \   0000B4   12....       LCALL   ?Subroutine1 & 0xFFFF
   \                     ??CrossCallReturnLabel_0:
   \   0000B7   8A82         MOV     DPL,R2
   \   0000B9   8B83         MOV     DPH,R3
   \   0000BB   A3           INC     DPTR
   \   0000BC   A3           INC     DPTR
   \   0000BD   A3           INC     DPTR
   \   0000BE   A3           INC     DPTR
   \   0000BF   E0           MOVX    A,@DPTR
   \   0000C0   90....       MOV     DPTR,#GenericApp_DstAddr + 9
   \   0000C3   F0           MOVX    @DPTR,A
   \   0000C4                ; Setup parameters for call to function HalLedSet
   \   0000C4   7A01         MOV     R2,#0x1
   \   0000C6   7908         MOV     R1,#0x8
   \   0000C8   12....       LCALL   ??HalLedSet?relay
   \                     ??GenericApp_ProcessEvent_9:
   \   0000CB                ; Setup parameters for call to function osal_mem_free
   \   0000CB   AA..         MOV     R2,?V0 + 2
   \   0000CD   AB..         MOV     R3,?V0 + 3
   \   0000CF   12....       LCALL   ??osal_mem_free?relay
   \   0000D2   02....       LJMP    ??CrossCallReturnLabel_6 & 0xFFFF
   \                     ??GenericApp_ProcessEvent_8:
   \   0000D5   E5..         MOV     A,?V0 + 0
   \   0000D7   2413         ADD     A,#0x13
   \   0000D9   12....       LCALL   ?Subroutine3 & 0xFFFF
   \                     ??CrossCallReturnLabel_15:
   \   0000DC   F8           MOV     R0,A
   \   0000DD   A3           INC     DPTR
   \   0000DE   E0           MOVX    A,@DPTR
   \   0000DF   F583         MOV     DPH,A
   \   0000E1   8882         MOV     DPL,R0
   \   0000E3   E0           MOVX    A,@DPTR
   \   0000E4   700A         JNZ     ??GenericApp_ProcessEvent_10
   \   0000E6                ; Setup parameters for call to function HalLedSet
   \   0000E6   7A01         MOV     R2,#0x1
   \                     ??GenericApp_ProcessEvent_11:
   \   0000E8   7908         MOV     R1,#0x8
   \   0000EA   12....       LCALL   ??HalLedSet?relay
   \   0000ED   02....       LJMP    ??CrossCallReturnLabel_6 & 0xFFFF
   \                     ??GenericApp_ProcessEvent_10:
   \   0000F0                ; Setup parameters for call to function HalLedSet
   \   0000F0   7A04         MOV     R2,#0x4
   \   0000F2   80F4         SJMP    ??GenericApp_ProcessEvent_11
   \                     ??GenericApp_ProcessEvent_6:
   \   0000F4                ; Setup parameters for call to function GenericApp_HandleKeys
   \   0000F4   A3           INC     DPTR
   \   0000F5   A3           INC     DPTR
   \   0000F6   A3           INC     DPTR
   \   0000F7   E0           MOVX    A,@DPTR
   \   0000F8   FA           MOV     R2,A
   \   0000F9   85..82       MOV     DPL,?V0 + 0
   \   0000FC   85..83       MOV     DPH,?V0 + 1
   \   0000FF   A3           INC     DPTR
   \   000100   A3           INC     DPTR
   \   000101   E0           MOVX    A,@DPTR
   \   000102   F9           MOV     R1,A
   \   000103   12....       LCALL   ??GenericApp_HandleKeys?relay
   \   000106   02....       LJMP    ??CrossCallReturnLabel_6 & 0xFFFF
   \                     ??GenericApp_ProcessEvent_5:
   \   000109                ; Setup parameters for call to function GenericApp_MessageMSGCB
   \   000109   AA..         MOV     R2,?V0 + 0
   \   00010B   AB..         MOV     R3,?V0 + 1
   \   00010D   12....       LCALL   ??GenericApp_MessageMSGCB?relay
   \   000110   02....       LJMP    ??CrossCallReturnLabel_6 & 0xFFFF
    360              }
    361          
    362              // return unprocessed events
    363              return (events ^ SYS_EVENT_MSG);
   \                     ??GenericApp_ProcessEvent_4:
   \   000113   EE           MOV     A,R6
   \   000114   FA           MOV     R2,A
   \   000115   EF           MOV     A,R7
   \   000116   6480         XRL     A,#0x80
   \                     ??GenericApp_ProcessEvent_12:
   \   000118   FB           MOV     R3,A
   \   000119   8075         SJMP    ??GenericApp_ProcessEvent_13
    364            }
    365          
    366            // Send a message out - This event is generated by a timer
    367            
    368            //  (setup in GenericApp_Init()).
    369            if ( events & GENERICAPP_SEND_MSG_EVT )
   \                     ??GenericApp_ProcessEvent_0:
   \   00011B   EE           MOV     A,R6
   \   00011C   A2E0         MOV     C,0xE0 /* A   */.0
   \   00011E   5010         JNC     ??GenericApp_ProcessEvent_14
    370            {
    371          
    372          
    373              // Send "the" message
    374              GenericApp_SendTheMessage();
    375          
    376              // Setup to send message again
    377              osal_start_timerEx( GenericApp_TaskID,
    378                                  GENERICAPP_SEND_MSG_EVT,
    379                                  GENERICAPP_SEND_MSG_TIMEOUT );
   \   000120                ; Setup parameters for call to function osal_start_timerEx
   \   000120   7C30         MOV     R4,#0x30
   \   000122   7D75         MOV     R5,#0x75
   \   000124   7A01         MOV     R2,#0x1
   \   000126   12....       LCALL   ??Subroutine5_0 & 0xFFFF
    380          
    381              // return unprocessed events
    382              return (events ^ GENERICAPP_SEND_MSG_EVT);
   \                     ??CrossCallReturnLabel_7:
   \   000129   EE           MOV     A,R6
   \   00012A   6401         XRL     A,#0x1
   \                     ??GenericApp_ProcessEvent_15:
   \   00012C   FA           MOV     R2,A
   \   00012D   EF           MOV     A,R7
   \   00012E   80E8         SJMP    ??GenericApp_ProcessEvent_12
    383            }
    384          
    385          
    386            if ( events & GENERICAPP_GPIO_COLLECT )
   \                     ??GenericApp_ProcessEvent_14:
   \   000130   5402         ANL     A,#0x2
   \   000132   6058         JZ      ??GenericApp_ProcessEvent_16
    387            {
    388          	
    389          	if(gw_collect_count <MAX_GW_COLLECT_COUNT)
   \   000134   90....       MOV     DPTR,#gw_collect_count
   \   000137   E0           MOVX    A,@DPTR
   \   000138   C3           CLR     C
   \   000139   940C         SUBB    A,#0xc
   \   00013B   500B         JNC     ??GenericApp_ProcessEvent_17
    390          	{
    391          		gw_collect_count++;
   \   00013D   E0           MOVX    A,@DPTR
   \   00013E   04           INC     A
   \   00013F   F0           MOVX    @DPTR,A
    392          		 osal_start_timerEx( GenericApp_TaskID,
    393          							 GENERICAPP_GPIO_COLLECT,
    394          							 GENERICAPP_GPIO_COLLECT_TIMEOUT );
   \   000140                ; Setup parameters for call to function osal_start_timerEx
   \                     ??GenericApp_ProcessEvent_18:
   \   000140   12....       LCALL   ?Subroutine2 & 0xFFFF
    395          
    396          		 return (events ^ GENERICAPP_GPIO_COLLECT);
   \                     ??CrossCallReturnLabel_5:
   \   000143   EE           MOV     A,R6
   \   000144   6402         XRL     A,#0x2
   \   000146   80E4         SJMP    ??GenericApp_ProcessEvent_15
    397          	}
    398          	gw_collect_count = 0;
   \                     ??GenericApp_ProcessEvent_17:
   \   000148   E4           CLR     A
   \   000149   F0           MOVX    @DPTR,A
    399          
    400          	//读端口
    401          	if(WATER_DATA ==1 || SMOKE_DATA == 1)
   \   00014A   A296         MOV     C,0x90.6
   \   00014C   4004         JC      ??GenericApp_ProcessEvent_19
   \   00014E   A297         MOV     C,0x90.7
   \   000150   50EE         JNC     ??GenericApp_ProcessEvent_18
    402          	{
    403          		buf[0]=2;  //烟杆和水警
   \                     ??GenericApp_ProcessEvent_19:
   \   000152   85..82       MOV     DPL,?XSP + 0
   \   000155   85..83       MOV     DPH,?XSP + 1
   \   000158   7402         MOV     A,#0x2
   \   00015A   F0           MOVX    @DPTR,A
    404          		buf[1]=WATER_DATA;
   \   00015B   A296         MOV     C,0x90.6
   \   00015D   E4           CLR     A
   \   00015E   33           RLC     A
   \   00015F   C0E0         PUSH    A
   \   000161   7401         MOV     A,#0x1
   \   000163   12....       LCALL   ?XSTACK_DISP0_8
   \   000166   D0E0         POP     A
   \   000168   F0           MOVX    @DPTR,A
    405          		buf[2]=SMOKE_DATA;
   \   000169   A297         MOV     C,0x90.7
   \   00016B   E4           CLR     A
   \   00016C   33           RLC     A
   \   00016D   C0E0         PUSH    A
   \   00016F   7402         MOV     A,#0x2
   \   000171   12....       LCALL   ?XSTACK_DISP0_8
   \   000174   D0E0         POP     A
   \   000176   F0           MOVX    @DPTR,A
    406          		//发送给底板
    407          		simI2c_write(0x5a,buf, 3);		
   \   000177                ; Setup parameters for call to function simI2c_write
   \   000177   7C03         MOV     R4,#0x3
   \   000179   7D00         MOV     R5,#0x0
   \   00017B   85..82       MOV     DPL,?XSP + 0
   \   00017E   85..83       MOV     DPH,?XSP + 1
   \   000181   AA82         MOV     R2,DPL
   \   000183   AB83         MOV     R3,DPH
   \   000185   795A         MOV     R1,#0x5a
   \   000187   12....       LCALL   ??simI2c_write?relay
    408          
    409          	}
    410          
    411          	
    412          	osal_start_timerEx( GenericApp_TaskID,
    413          						GENERICAPP_GPIO_COLLECT,
    414          						GENERICAPP_GPIO_COLLECT_TIMEOUT );
   \   00018A                ; Setup parameters for call to function osal_start_timerEx
   \   00018A   80B4         SJMP    ??GenericApp_ProcessEvent_18
    415          
    416              // return unprocessed events
    417              return (events ^ GENERICAPP_GPIO_COLLECT);
    418            }
    419          
    420          
    421            
    422          #if defined( IAR_ARMCM3_LM )
    423            // Receive a message from the RTOS queue
    424            if ( events & GENERICAPP_RTOS_MSG_EVT )
    425            {
    426              // Process message from RTOS queue
    427              GenericApp_ProcessRtosMessage();
    428          
    429              // return unprocessed events
    430              return (events ^ GENERICAPP_RTOS_MSG_EVT);
    431            }
    432          #endif
    433          
    434            // Discard unknown events
    435            return 0;
   \                     ??GenericApp_ProcessEvent_16:
   \   00018C   7A00         MOV     R2,#0x0
   \   00018E   7B00         MOV     R3,#0x0
   \                     ??GenericApp_ProcessEvent_13:
   \   000190   7404         MOV     A,#0x4
   \   000192   12....       LCALL   ?DEALLOC_XSTACK8
   \   000195   7F06         MOV     R7,#0x6
   \   000197   02....       LJMP    ?BANKED_LEAVE_XDATA
   \   00019A                REQUIRE _A_P1
    436          }

   \                                 In  segment BANKED_CODE, align 1, keep-with-next
   \                     ?Subroutine3:
   \   000000   F582         MOV     DPL,A
   \   000002   E5..         MOV     A,?V0 + 1
   \   000004                REQUIRE ??Subroutine7_0
   \   000004                ; // Fall through to label ??Subroutine7_0

   \                                 In  segment BANKED_CODE, align 1, keep-with-next
   \                     ??Subroutine7_0:
   \   000000   3400         ADDC    A,#0x0
   \   000002   F583         MOV     DPH,A
   \   000004   E0           MOVX    A,@DPTR
   \   000005   22           RET

   \                                 In  segment BANKED_CODE, align 1, keep-with-next
   \                     ?Subroutine1:
   \   000000   A3           INC     DPTR
   \   000001   E0           MOVX    A,@DPTR
   \   000002   F8           MOV     R0,A
   \   000003   A3           INC     DPTR
   \   000004   E0           MOVX    A,@DPTR
   \   000005   F9           MOV     R1,A
   \   000006   90....       MOV     DPTR,#GenericApp_DstAddr
   \   000009   E8           MOV     A,R0
   \   00000A   F0           MOVX    @DPTR,A
   \   00000B   A3           INC     DPTR
   \   00000C   E9           MOV     A,R1
   \   00000D   F0           MOVX    @DPTR,A
   \   00000E   22           RET
    437          
    438          /*********************************************************************
    439           * Event Generation Functions
    440           */
    441          
    442          /*********************************************************************
    443           * @fn      GenericApp_ProcessZDOMsgs()
    444           *
    445           * @brief   Process response messages
    446           *
    447           * @param   none
    448           *
    449           * @return  none
    450           */
    451          static void GenericApp_ProcessZDOMsgs( zdoIncomingMsg_t *inMsg )
    452          {
    453            switch ( inMsg->clusterID )
    454            {
    455              case End_Device_Bind_rsp:
    456                if ( ZDO_ParseBindRsp( inMsg ) == ZSuccess )
    457                {
    458                  // Light LED
    459                  HalLedSet( HAL_LED_4, HAL_LED_MODE_ON );
    460                }
    461          #if defined( BLINK_LEDS )
    462                else
    463                {
    464                  // Flash LED to show failure
    465                  HalLedSet ( HAL_LED_4, HAL_LED_MODE_FLASH );
    466                }
    467          #endif
    468                break;
    469          
    470              case Match_Desc_rsp:
    471                {
    472                  ZDO_ActiveEndpointRsp_t *pRsp = ZDO_ParseEPListRsp( inMsg );
    473                  if ( pRsp )
    474                  {
    475                    if ( pRsp->status == ZSuccess && pRsp->cnt )
    476                    {
    477                      GenericApp_DstAddr.addrMode = (afAddrMode_t)Addr16Bit;
    478                      GenericApp_DstAddr.addr.shortAddr = pRsp->nwkAddr;
    479                      // Take the first endpoint, Can be changed to search through endpoints
    480                      GenericApp_DstAddr.endPoint = pRsp->epList[0];
    481          
    482                      // Light LED
    483                      HalLedSet( HAL_LED_4, HAL_LED_MODE_ON );
    484                    }
    485                    osal_mem_free( pRsp );
    486                  }
    487                }
    488                break;
    489            }
    490          }
    491          
    492          /*********************************************************************
    493           * @fn      GenericApp_HandleKeys
    494           *
    495           * @brief   Handles all key events for this device.
    496           *
    497           * @param   shift - true if in shift/alt.
    498           * @param   keys - bit field for key events. Valid entries:
    499           *                 HAL_KEY_SW_4
    500           *                 HAL_KEY_SW_3
    501           *                 HAL_KEY_SW_2
    502           *                 HAL_KEY_SW_1
    503           *
    504           * @return  none
    505           */

   \                                 In  segment BANKED_CODE, align 1, keep-with-next
    506          static void GenericApp_HandleKeys( uint8 shift, uint8 keys )
   \                     GenericApp_HandleKeys:
    507          {
   \   000000   74F5         MOV     A,#-0xb
   \   000002   12....       LCALL   ?BANKED_ENTER_XDATA
   \   000005                ; Saved register size: 11
   \   000005                ; Auto size: 9
   \   000005   74F7         MOV     A,#-0x9
   \   000007   12....       LCALL   ?ALLOC_XSTACK8
   \   00000A   E9           MOV     A,R1
   \   00000B   FE           MOV     R6,A
   \   00000C   EA           MOV     A,R2
   \   00000D   FF           MOV     R7,A
    508            zAddrType_t dstAddr;
    509          
    510            // Shift is used to make each button/switch dual purpose.
    511            if ( shift )
   \   00000E   EE           MOV     A,R6
   \   00000F   6003         JZ      $+5
   \   000011   02....       LJMP    ??GenericApp_HandleKeys_0 & 0xFFFF
    512            {
    513              if ( keys & HAL_KEY_SW_1 )
    514              {
    515              }
    516              if ( keys & HAL_KEY_SW_2 )
    517              {
    518              }
    519              if ( keys & HAL_KEY_SW_3 )
    520              {
    521              }
    522              if ( keys & HAL_KEY_SW_4 )
    523              {
    524              }
    525            }
    526            else
    527            {
    528              if ( keys & HAL_KEY_SW_1 )
   \   000014   EF           MOV     A,R7
   \   000015   A2E0         MOV     C,0xE0 /* A   */.0
   \   000017   500D         JNC     ??GenericApp_HandleKeys_1
    529              {
    530                    HalUARTWrite(0,"8765",4);
   \   000019                ; Setup parameters for call to function HalUARTWrite
   \   000019   7C04         MOV     R4,#0x4
   \   00001B   7D00         MOV     R5,#0x0
   \   00001D   7A..         MOV     R2,#`?<Constant "8765">` & 0xff
   \   00001F   7B..         MOV     R3,#(`?<Constant "8765">` >> 8) & 0xff
   \   000021   7900         MOV     R1,#0x0
   \   000023   12....       LCALL   ??HalUARTWrite?relay
    531              }
    532          
    533              if ( keys & HAL_KEY_SW_2 )
   \                     ??GenericApp_HandleKeys_1:
   \   000026   EF           MOV     A,R7
   \   000027   A2E1         MOV     C,0xE0 /* A   */.1
   \   000029   5069         JNC     ??GenericApp_HandleKeys_2
    534              {
    535                HalLedSet ( HAL_LED_4, HAL_LED_MODE_OFF );
   \   00002B                ; Setup parameters for call to function HalLedSet
   \   00002B   7A00         MOV     R2,#0x0
   \   00002D   7908         MOV     R1,#0x8
   \   00002F   12....       LCALL   ??HalLedSet?relay
    536          
    537                // Initiate an End Device Bind Request for the mandatory endpoint
    538                dstAddr.addrMode = Addr16Bit;
   \   000032   7408         MOV     A,#0x8
   \   000034   12....       LCALL   ?XSTACK_DISP0_8
   \   000037   7402         MOV     A,#0x2
   \   000039   12....       LCALL   ??Subroutine6_0 & 0xFFFF
    539                dstAddr.addr.shortAddr = 0x0000; // Coordinator
   \                     ??CrossCallReturnLabel_10:
   \   00003C   E4           CLR     A
   \   00003D   F0           MOVX    @DPTR,A
   \   00003E   A3           INC     DPTR
   \   00003F   F0           MOVX    @DPTR,A
    540                ZDP_EndDeviceBindReq( &dstAddr, NLME_GetShortAddr(),
    541                                      GenericApp_epDesc.endPoint,
    542                                      GENERICAPP_PROFID,
    543                                      GENERICAPP_MAX_CLUSTERS, (cId_t *)GenericApp_ClusterList,
    544                                      GENERICAPP_MAX_CLUSTERS, (cId_t *)GenericApp_ClusterList,
    545                                      FALSE );
   \   000040                ; Setup parameters for call to function NLME_GetShortAddr
   \   000040   12....       LCALL   ??NLME_GetShortAddr?relay
   \   000043   8A..         MOV     ?V0 + 0,R2
   \   000045   8B..         MOV     ?V0 + 1,R3
   \   000047   AC..         MOV     R4,?V0 + 0
   \   000049   AD..         MOV     R5,?V0 + 1
   \   00004B   75....       MOV     ?V0 + 0,#GenericApp_ClusterList & 0xff
   \   00004E   75....       MOV     ?V0 + 1,#(GenericApp_ClusterList >> 8) & 0xff
   \   000051                ; Setup parameters for call to function ZDP_EndDeviceBindReq
   \   000051   75..00       MOV     ?V0 + 2,#0x0
   \   000054   78..         MOV     R0,#?V0 + 2
   \   000056   12....       LCALL   ?PUSH_XSTACK_I_ONE
   \   000059   78..         MOV     R0,#?V0 + 0
   \   00005B   12....       LCALL   ?PUSH_XSTACK_I_TWO
   \   00005E   75..02       MOV     ?V0 + 2,#0x2
   \   000061   78..         MOV     R0,#?V0 + 2
   \   000063   12....       LCALL   ?PUSH_XSTACK_I_ONE
   \   000066   78..         MOV     R0,#?V0 + 0
   \   000068   12....       LCALL   ?PUSH_XSTACK_I_TWO
   \   00006B   75..02       MOV     ?V0 + 0,#0x2
   \   00006E   78..         MOV     R0,#?V0 + 0
   \   000070   12....       LCALL   ?PUSH_XSTACK_I_ONE
   \   000073   75..04       MOV     ?V0 + 0,#0x4
   \   000076   75..0F       MOV     ?V0 + 1,#0xf
   \   000079   78..         MOV     R0,#?V0 + 0
   \   00007B   12....       LCALL   ?PUSH_XSTACK_I_TWO
   \   00007E   90....       MOV     DPTR,#GenericApp_epDesc
   \   000081   E0           MOVX    A,@DPTR
   \   000082   F9           MOV     R1,A
   \   000083   7409         MOV     A,#0x9
   \   000085   12....       LCALL   ?XSTACK_DISP0_8
   \   000088   AA82         MOV     R2,DPL
   \   00008A   AB83         MOV     R3,DPH
   \   00008C   12....       LCALL   ??ZDP_EndDeviceBindReq?relay
   \   00008F   7409         MOV     A,#0x9
   \   000091   12....       LCALL   ?DEALLOC_XSTACK8
    546              }
    547          
    548              if ( keys & HAL_KEY_SW_3 )
    549              {
    550              }
    551          
    552              if ( keys & HAL_KEY_SW_4 )
   \                     ??GenericApp_HandleKeys_2:
   \   000094   EF           MOV     A,R7
   \   000095   A2E3         MOV     C,0xE0 /* A   */.3
   \   000097   5058         JNC     ??GenericApp_HandleKeys_0
    553              {
    554                HalLedSet ( HAL_LED_4, HAL_LED_MODE_OFF );
   \   000099                ; Setup parameters for call to function HalLedSet
   \   000099   7A00         MOV     R2,#0x0
   \   00009B   7908         MOV     R1,#0x8
   \   00009D   12....       LCALL   ??HalLedSet?relay
    555                // Initiate a Match Description Request (Service Discovery)
    556                dstAddr.addrMode = AddrBroadcast;
   \   0000A0   7408         MOV     A,#0x8
   \   0000A2   12....       LCALL   ?XSTACK_DISP0_8
   \   0000A5   740F         MOV     A,#0xf
   \   0000A7   12....       LCALL   ??Subroutine6_0 & 0xFFFF
    557                dstAddr.addr.shortAddr = NWK_BROADCAST_SHORTADDR;
   \                     ??CrossCallReturnLabel_11:
   \   0000AA   74FF         MOV     A,#-0x1
   \   0000AC   F0           MOVX    @DPTR,A
   \   0000AD   A3           INC     DPTR
   \   0000AE   F0           MOVX    @DPTR,A
    558                ZDP_MatchDescReq( &dstAddr, NWK_BROADCAST_SHORTADDR,
    559                                  GENERICAPP_PROFID,
    560                                  GENERICAPP_MAX_CLUSTERS, (cId_t *)GenericApp_ClusterList,
    561                                  GENERICAPP_MAX_CLUSTERS, (cId_t *)GenericApp_ClusterList,
    562                                  FALSE );
   \   0000AF   75....       MOV     ?V0 + 0,#GenericApp_ClusterList & 0xff
   \   0000B2   75....       MOV     ?V0 + 1,#(GenericApp_ClusterList >> 8) & 0xff
   \   0000B5                ; Setup parameters for call to function ZDP_MatchDescReq
   \   0000B5   75..00       MOV     ?V0 + 2,#0x0
   \   0000B8   78..         MOV     R0,#?V0 + 2
   \   0000BA   12....       LCALL   ?PUSH_XSTACK_I_ONE
   \   0000BD   78..         MOV     R0,#?V0 + 0
   \   0000BF   12....       LCALL   ?PUSH_XSTACK_I_TWO
   \   0000C2   75..02       MOV     ?V0 + 2,#0x2
   \   0000C5   78..         MOV     R0,#?V0 + 2
   \   0000C7   12....       LCALL   ?PUSH_XSTACK_I_ONE
   \   0000CA   78..         MOV     R0,#?V0 + 0
   \   0000CC   12....       LCALL   ?PUSH_XSTACK_I_TWO
   \   0000CF   75..04       MOV     ?V0 + 0,#0x4
   \   0000D2   75..0F       MOV     ?V0 + 1,#0xf
   \   0000D5   78..         MOV     R0,#?V0 + 0
   \   0000D7   12....       LCALL   ?PUSH_XSTACK_I_TWO
   \   0000DA   7902         MOV     R1,#0x2
   \   0000DC   7CFF         MOV     R4,#-0x1
   \   0000DE   7DFF         MOV     R5,#-0x1
   \   0000E0   7408         MOV     A,#0x8
   \   0000E2   12....       LCALL   ?XSTACK_DISP0_8
   \   0000E5   AA82         MOV     R2,DPL
   \   0000E7   AB83         MOV     R3,DPH
   \   0000E9   12....       LCALL   ??ZDP_MatchDescReq?relay
   \   0000EC   7408         MOV     A,#0x8
   \   0000EE   12....       LCALL   ?DEALLOC_XSTACK8
    563              }
    564            }
    565          }
   \                     ??GenericApp_HandleKeys_0:
   \   0000F1   7409         MOV     A,#0x9
   \   0000F3   12....       LCALL   ?DEALLOC_XSTACK8
   \   0000F6   7F03         MOV     R7,#0x3
   \   0000F8   02....       LJMP    ?BANKED_LEAVE_XDATA
    566          
    567          /*********************************************************************
    568           * LOCAL FUNCTIONS
    569           */
    570          
    571          /*********************************************************************
    572           * @fn      GenericApp_MessageMSGCB
    573           *
    574           * @brief   Data message processor callback.  This function processes
    575           *          any incoming data - probably from other devices.  So, based
    576           *          on cluster ID, perform the intended action.
    577           *
    578           * @param   none
    579           *
    580           * @return  none
    581           */
    582           #define IEEE_MAX_LEN 6 //暂时用6位表示，使用前6位
    583           #define LOGGER_DATA_LENGTH 12  //add adc

   \                                 In  segment BANKED_CODE, align 1, keep-with-next
    584          static void GenericApp_MessageMSGCB( afIncomingMSGPacket_t *pkt )
   \                     GenericApp_MessageMSGCB:
    585          {
   \   000000   74F6         MOV     A,#-0xa
   \   000002   12....       LCALL   ?BANKED_ENTER_XDATA
   \   000005                ; Saved register size: 10
   \   000005                ; Auto size: 20
   \   000005   74EC         MOV     A,#-0x14
   \   000007   12....       LCALL   ?ALLOC_XSTACK8
   \   00000A   EA           MOV     A,R2
   \   00000B   FE           MOV     R6,A
   \   00000C   EB           MOV     A,R3
   \   00000D   FF           MOV     R7,A
    586            char buf[20];
    587          
    588           // char i;
    589          
    590            switch ( pkt->clusterId )
   \   00000E   8E82         MOV     DPL,R6
   \   000010   8F83         MOV     DPH,R7
   \   000012   A3           INC     DPTR
   \   000013   A3           INC     DPTR
   \   000014   A3           INC     DPTR
   \   000015   A3           INC     DPTR
   \   000016   E0           MOVX    A,@DPTR
   \   000017   6401         XRL     A,#0x1
   \   000019   7002         JNZ     ??GenericApp_MessageMSGCB_0
   \   00001B   A3           INC     DPTR
   \   00001C   E0           MOVX    A,@DPTR
   \                     ??GenericApp_MessageMSGCB_0:
   \   00001D   6003         JZ      $+5
   \   00001F   02....       LJMP    ??GenericApp_MessageMSGCB_1 & 0xFFFF
    591            {
    592              case GENERICAPP_HTID:
    593          		simI2c_write(0x5a,(unsigned char *) pkt->cmd.Data, LOGGER_DATA_LENGTH);
   \   000022                ; Setup parameters for call to function simI2c_write
   \   000022   7C0C         MOV     R4,#0xc
   \   000024   7D00         MOV     R5,#0x0
   \   000026   EE           MOV     A,R6
   \   000027   2422         ADD     A,#0x22
   \   000029   F582         MOV     DPL,A
   \   00002B   EF           MOV     A,R7
   \   00002C   12....       LCALL   ??Subroutine7_0 & 0xFFFF
   \                     ??CrossCallReturnLabel_12:
   \   00002F   FA           MOV     R2,A
   \   000030   A3           INC     DPTR
   \   000031   E0           MOVX    A,@DPTR
   \   000032   FB           MOV     R3,A
   \   000033   795A         MOV     R1,#0x5a
   \   000035   12....       LCALL   ??simI2c_write?relay
    594          
    595          		GenericApp_DstAddr.addrMode = (afAddrMode_t)Addr16Bit;
   \   000038   90....       MOV     DPTR,#GenericApp_DstAddr + 8
   \   00003B   7402         MOV     A,#0x2
   \   00003D   F0           MOVX    @DPTR,A
    596            		GenericApp_DstAddr.endPoint = pkt->endPoint;
   \   00003E   EE           MOV     A,R6
   \   00003F   2414         ADD     A,#0x14
   \   000041   F582         MOV     DPL,A
   \   000043   EF           MOV     A,R7
   \   000044   12....       LCALL   ??Subroutine7_0 & 0xFFFF
   \                     ??CrossCallReturnLabel_13:
   \   000047   90....       MOV     DPTR,#GenericApp_DstAddr + 9
   \   00004A   F0           MOVX    @DPTR,A
    597          		GenericApp_DstAddr.addr.shortAddr = pkt->srcAddr.addr.shortAddr;
   \   00004B   8E82         MOV     DPL,R6
   \   00004D   8F83         MOV     DPH,R7
   \   00004F   A3           INC     DPTR
   \   000050   A3           INC     DPTR
   \   000051   A3           INC     DPTR
   \   000052   A3           INC     DPTR
   \   000053   A3           INC     DPTR
   \   000054   12....       LCALL   ?Subroutine1 & 0xFFFF
    598          	
    599          		HalLedSet (HAL_LED_2, HAL_LED_MODE_OFF);
   \                     ??CrossCallReturnLabel_1:
   \   000057                ; Setup parameters for call to function HalLedSet
   \   000057   7A00         MOV     R2,#0x0
   \   000059   7902         MOV     R1,#0x2
   \   00005B   12....       LCALL   ??HalLedSet?relay
    600          
    601          		buf[0]=GENERICAPP_HTID;
   \   00005E   85..82       MOV     DPL,?XSP + 0
   \   000061   85..83       MOV     DPH,?XSP + 1
   \   000064   7401         MOV     A,#0x1
   \   000066   F0           MOVX    @DPTR,A
    602          		if(afStatus_SUCCESS == AF_DataRequest( &GenericApp_DstAddr, &GenericApp_epDesc,
    603          							  GENERICAPP_RSPID,
    604          							  1,
    605          							  (uint8*)buf,
    606          							  &GenericApp_TransID,
    607          							  AF_DISCV_ROUTE,
    608          							  AF_DEFAULT_RADIUS ))
   \   000067                ; Setup parameters for call to function AF_DataRequest
   \   000067   75..1E       MOV     ?V0 + 0,#0x1e
   \   00006A   78..         MOV     R0,#?V0 + 0
   \   00006C   12....       LCALL   ?PUSH_XSTACK_I_ONE
   \   00006F   75....       MOV     ?V0 + 0,#GenericApp_TransID & 0xff
   \   000072   75....       MOV     ?V0 + 1,#(GenericApp_TransID >> 8) & 0xff
   \   000075   78..         MOV     R0,#?V0 + 0
   \   000077   12....       LCALL   ?PUSH_XSTACK_I_TWO
   \   00007A   7403         MOV     A,#0x3
   \   00007C   12....       LCALL   ?XSTACK_DISP0_8
   \   00007F   8582..       MOV     ?V0 + 0,DPL
   \   000082   8583..       MOV     ?V0 + 1,DPH
   \   000085   78..         MOV     R0,#?V0 + 0
   \   000087   12....       LCALL   ?PUSH_XSTACK_I_TWO
   \   00008A   75..01       MOV     ?V0 + 0,#0x1
   \   00008D   75..00       MOV     ?V0 + 1,#0x0
   \   000090   78..         MOV     R0,#?V0 + 0
   \   000092   12....       LCALL   ?PUSH_XSTACK_I_TWO
   \   000095   75..02       MOV     ?V0 + 0,#0x2
   \   000098   78..         MOV     R0,#?V0 + 0
   \   00009A   12....       LCALL   ?PUSH_XSTACK_I_TWO
   \   00009D   7920         MOV     R1,#0x20
   \   00009F   7C..         MOV     R4,#GenericApp_epDesc & 0xff
   \   0000A1   7D..         MOV     R5,#(GenericApp_epDesc >> 8) & 0xff
   \   0000A3   7A..         MOV     R2,#GenericApp_DstAddr & 0xff
   \   0000A5   7B..         MOV     R3,#(GenericApp_DstAddr >> 8) & 0xff
   \   0000A7   12....       LCALL   ??AF_DataRequest?relay
   \   0000AA   7409         MOV     A,#0x9
   \   0000AC   12....       LCALL   ?DEALLOC_XSTACK8
   \   0000AF   E9           MOV     A,R1
   \   0000B0   6014         JZ      ??GenericApp_MessageMSGCB_1
    609          
    610          		{
    611          
    612                  }
    613          		else
    614          		{
    615          			HalUARTWrite(0,"SRF.",4);	
   \   0000B2                ; Setup parameters for call to function HalUARTWrite
   \   0000B2   7C04         MOV     R4,#0x4
   \   0000B4   7D00         MOV     R5,#0x0
   \   0000B6   7A..         MOV     R2,#`?<Constant "SRF.">` & 0xff
   \   0000B8   7B..         MOV     R3,#(`?<Constant "SRF.">` >> 8) & 0xff
   \   0000BA   7900         MOV     R1,#0x0
   \   0000BC   12....       LCALL   ??HalUARTWrite?relay
    616          			HalLedSet (HAL_LED_2, HAL_LED_MODE_ON);					
   \   0000BF                ; Setup parameters for call to function HalLedSet
   \   0000BF   7A01         MOV     R2,#0x1
   \   0000C1   7902         MOV     R1,#0x2
   \   0000C3   12....       LCALL   ??HalLedSet?relay
    617          		}
    618          							  
    619          
    620          
    621                break;
    622          	  //GENERICAPP_RSPID
    623          #if 0	  
    624              case GENERICAPP_IRID:
    625                // "the" message
    626          /*#if defined( LCD_SUPPORTED )
    627                HalLcdWriteScreen( (char*)pkt->cmd.Data, "rcvd" );
    628          #elif defined( WIN32 )
    629                WPRINTSTR( pkt->cmd.Data );
    630          #endif*/
    631                
    632                osal_memcpy(ir,pkt->cmd.Data,1);
    633                if(ir[0] == '1')
    634                {
    635                  HalLedSet (HAL_LED_1, HAL_LED_MODE_ON);
    636                  P0_5=1;
    637                  HalUARTWrite(0,"1",1);
    638                }
    639                else
    640                {
    641                  HalLedSet (HAL_LED_1, HAL_LED_MODE_OFF);
    642                  P0_5=0;
    643                  //HalLcdWriteString("no thief", HAL_LCD_LINE_5 );
    644                  HalUARTWrite(0,"0",1);
    645                }
    646                
    647                break;	
    648          	#endif
    649            }
    650          }
   \                     ??GenericApp_MessageMSGCB_1:
   \   0000C6   7414         MOV     A,#0x14
   \   0000C8   12....       LCALL   ?DEALLOC_XSTACK8
   \   0000CB   7F02         MOV     R7,#0x2
   \   0000CD   02....       LJMP    ?BANKED_LEAVE_XDATA
    651          
    652          /*********************************************************************
    653           * @fn      GenericApp_SendTheMessage
    654           *
    655           * @brief   Send "the" message.
    656           *
    657           * @param   none
    658           *
    659           * @return  none
    660           */
    661          static void GenericApp_SendTheMessage( void )
    662          {
    663            /*char theMessageData[] = "Hello World";
    664          
    665            if ( AF_DataRequest( &GenericApp_DstAddr, &GenericApp_epDesc,
    666                                 GENERICAPP_CLUSTERID,
    667                                 (byte)osal_strlen( theMessageData ) + 1,
    668                                 (byte *)&theMessageData,
    669                                 &GenericApp_TransID,
    670                                 AF_DISCV_ROUTE, AF_DEFAULT_RADIUS ) == afStatus_SUCCESS )
    671            {
    672              // Successfully requested to be sent.
    673            }
    674            else
    675            {
    676              // Error occurred in request to send.
    677            }*/
    678          }
    679          

   \                                 In  segment BANKED_CODE, align 1, keep-with-next
    680          char *s_itoa(int num,char *str,int radix)   
   \                     s_itoa:
    681          {    
   \   000000   74EE         MOV     A,#-0x12
   \   000002   12....       LCALL   ?BANKED_ENTER_XDATA
   \   000005                ; Saved register size: 18
   \   000005                ; Auto size: 37
   \   000005   74DB         MOV     A,#-0x25
   \   000007   12....       LCALL   ?ALLOC_XSTACK8
   \   00000A   8C..         MOV     ?V0 + 8,R4
   \   00000C   8D..         MOV     ?V0 + 9,R5
   \   00000E   7437         MOV     A,#0x37
   \   000010   12....       LCALL   ?XSTACK_DISP0_8
   \   000013   E0           MOVX    A,@DPTR
   \   000014   F5..         MOV     ?V0 + 0,A
   \   000016   A3           INC     DPTR
   \   000017   E0           MOVX    A,@DPTR
   \   000018   F5..         MOV     ?V0 + 1,A
    682              /* 索引表 */   
    683              char index[]="0123456789ABCDEFGHIJKLMNOPQRSTUVWXYZ";   
   \   00001A   85..82       MOV     DPL,?XSP + 0
   \   00001D   85..83       MOV     DPH,?XSP + 1
   \   000020   AC82         MOV     R4,DPL
   \   000022   AD83         MOV     R5,DPH
   \   000024   7583..       MOV     DPH,#(`?<Constant "0123456789ABCDEFGHIJK...">` >> 8) & 0xff
   \   000027   7582..       MOV     DPL,#`?<Constant "0123456789ABCDEFGHIJK...">` & 0xff
   \   00002A   7425         MOV     A,#0x25
   \   00002C   12....       LCALL   ?MOVE_LONG8_XDATA_XDATA
    684              unsigned unum; /* 中间变量 */   
    685              int i=0,j,k;   
   \   00002F   FC           MOV     R4,A
   \   000030   FD           MOV     R5,A
    686              /* 确定unum的值 */   
    687              if(radix==10&&num<0) /* 十进制负数 */   
   \   000031   740A         MOV     A,#0xa
   \   000033   65..         XRL     A,?V0 + 0
   \   000035   7002         JNZ     ??s_itoa_0
   \   000037   E5..         MOV     A,?V0 + 1
   \                     ??s_itoa_0:
   \   000039   701E         JNZ     ??s_itoa_1
   \   00003B   C3           CLR     C
   \   00003C   EB           MOV     A,R3
   \   00003D   9400         SUBB    A,#0x0
   \   00003F   A2D2         MOV     C,0xD0 /* PSW */.2
   \   000041   65D0         XRL     A,PSW
   \   000043   33           RLC     A
   \   000044   5013         JNC     ??s_itoa_1
    688              {   
    689                  unum=(unsigned)-num;   
   \   000046   C3           CLR     C
   \   000047   E4           CLR     A
   \   000048   9A           SUBB    A,R2
   \   000049   FE           MOV     R6,A
   \   00004A   E4           CLR     A
   \   00004B   9B           SUBB    A,R3
   \   00004C   FF           MOV     R7,A
    690                  str[i++]='-';   
   \   00004D   85..82       MOV     DPL,?V0 + 8
   \   000050   85..83       MOV     DPH,?V0 + 9
   \   000053   742D         MOV     A,#0x2d
   \   000055   F0           MOVX    @DPTR,A
   \   000056   0C           INC     R4
   \   000057   8004         SJMP    ??s_itoa_2
    691              }   
    692              else unum=(unsigned)num; /* 其他情况 */   
   \                     ??s_itoa_1:
   \   000059   EA           MOV     A,R2
   \   00005A   FE           MOV     R6,A
   \   00005B   EB           MOV     A,R3
   \   00005C   FF           MOV     R7,A
    693              /* 逆序 */   
    694              do    
    695              {   
    696                  str[i++]=index[unum%(unsigned)radix];   
   \                     ??s_itoa_2:
   \   00005D   EE           MOV     A,R6
   \   00005E   F8           MOV     R0,A
   \   00005F   EF           MOV     A,R7
   \   000060   F9           MOV     R1,A
   \   000061   AA..         MOV     R2,?V0 + 0
   \   000063   AB..         MOV     R3,?V0 + 1
   \   000065   12....       LCALL   ?US_DIV_MOD
   \   000068   8A..         MOV     ?V0 + 2,R2
   \   00006A   8B..         MOV     ?V0 + 3,R3
   \   00006C   85..82       MOV     DPL,?XSP + 0
   \   00006F   85..83       MOV     DPH,?XSP + 1
   \   000072   E582         MOV     A,DPL
   \   000074   25..         ADD     A,?V0 + 2
   \   000076   F582         MOV     DPL,A
   \   000078   E583         MOV     A,DPH
   \   00007A   35..         ADDC    A,?V0 + 3
   \   00007C   F583         MOV     DPH,A
   \   00007E   E0           MOVX    A,@DPTR
   \   00007F   C0E0         PUSH    A
   \   000081   12....       LCALL   ?Subroutine4 & 0xFFFF
   \                     ??CrossCallReturnLabel_2:
   \   000084   D0E0         POP     A
   \   000086   F0           MOVX    @DPTR,A
   \   000087   EC           MOV     A,R4
   \   000088   2401         ADD     A,#0x1
   \   00008A   0C           INC     R4
   \   00008B   ED           MOV     A,R5
   \   00008C   3400         ADDC    A,#0x0
   \   00008E   FD           MOV     R5,A
    697                  unum/=radix;   
   \   00008F   EE           MOV     A,R6
   \   000090   F8           MOV     R0,A
   \   000091   EF           MOV     A,R7
   \   000092   F9           MOV     R1,A
   \   000093   AA..         MOV     R2,?V0 + 0
   \   000095   AB..         MOV     R3,?V0 + 1
   \   000097   12....       LCALL   ?US_DIV_MOD
   \   00009A   88..         MOV     ?V0 + 2,R0
   \   00009C   89..         MOV     ?V0 + 3,R1
   \   00009E   AE..         MOV     R6,?V0 + 2
   \   0000A0   AF..         MOV     R7,?V0 + 3
    698              }while(unum);   
   \   0000A2   EE           MOV     A,R6
   \   0000A3   4F           ORL     A,R7
   \   0000A4   70B7         JNZ     ??s_itoa_2
    699              str[i]='\0';   
   \   0000A6   12....       LCALL   ?Subroutine4 & 0xFFFF
   \                     ??CrossCallReturnLabel_3:
   \   0000A9   E4           CLR     A
   \   0000AA   F0           MOVX    @DPTR,A
    700              /* 转换 */   
    701              if(str[0]=='-') k=1; /* 十进制负数 */   
   \   0000AB   85..82       MOV     DPL,?V0 + 8
   \   0000AE   85..83       MOV     DPH,?V0 + 9
   \   0000B1   E0           MOVX    A,@DPTR
   \   0000B2   642D         XRL     A,#0x2d
   \   0000B4   7004         JNZ     ??s_itoa_3
   \   0000B6   7E01         MOV     R6,#0x1
   \   0000B8   8002         SJMP    ??s_itoa_4
    702              else k=0;   
   \                     ??s_itoa_3:
   \   0000BA   7E00         MOV     R6,#0x0
    703              /* 将原来的“/2”改为“/2.0”，保证当num在16~255之间，radix等于16时，也能得到正确结果 */   
    704              char temp;   
    705              for(j=k;j<=(i-k-1)/2.0;j++)   
   \                     ??s_itoa_4:
   \   0000BC   EE           MOV     A,R6
   \   0000BD   FA           MOV     R2,A
   \   0000BE   7B00         MOV     R3,#0x0
   \   0000C0   804C         SJMP    ??s_itoa_5
    706              {   
    707                  temp=str[j];   
   \                     ??s_itoa_6:
   \   0000C2   E5..         MOV     A,?V0 + 8
   \   0000C4   2A           ADD     A,R2
   \   0000C5   F8           MOV     R0,A
   \   0000C6   E5..         MOV     A,?V0 + 9
   \   0000C8   3B           ADDC    A,R3
   \   0000C9   F9           MOV     R1,A
   \   0000CA   8882         MOV     DPL,R0
   \   0000CC   8983         MOV     DPH,R1
   \   0000CE   E0           MOVX    A,@DPTR
   \   0000CF   F5..         MOV     ?V0 + 2,A
    708                  str[j]=str[i-j-1];   
   \   0000D1   EC           MOV     A,R4
   \   0000D2   C3           CLR     C
   \   0000D3   9A           SUBB    A,R2
   \   0000D4   F5..         MOV     ?V0 + 0,A
   \   0000D6   ED           MOV     A,R5
   \   0000D7   9B           SUBB    A,R3
   \   0000D8   F5..         MOV     ?V0 + 1,A
   \   0000DA   E5..         MOV     A,?V0 + 8
   \   0000DC   25..         ADD     A,?V0 + 0
   \   0000DE   F5..         MOV     ?V0 + 0,A
   \   0000E0   E5..         MOV     A,?V0 + 9
   \   0000E2   35..         ADDC    A,?V0 + 1
   \   0000E4   F5..         MOV     ?V0 + 1,A
   \   0000E6   E5..         MOV     A,?V0 + 0
   \   0000E8   24FF         ADD     A,#-0x1
   \   0000EA   F5..         MOV     ?V0 + 0,A
   \   0000EC   E5..         MOV     A,?V0 + 1
   \   0000EE   34FF         ADDC    A,#-0x1
   \   0000F0   F5..         MOV     ?V0 + 1,A
   \   0000F2   85..82       MOV     DPL,?V0 + 0
   \   0000F5   F583         MOV     DPH,A
   \   0000F7   E0           MOVX    A,@DPTR
   \   0000F8   8882         MOV     DPL,R0
   \   0000FA   8983         MOV     DPH,R1
   \   0000FC   F0           MOVX    @DPTR,A
    709                  str[i-j-1]=temp;   
   \   0000FD   85..82       MOV     DPL,?V0 + 0
   \   000100   85..83       MOV     DPH,?V0 + 1
   \   000103   E5..         MOV     A,?V0 + 2
   \   000105   F0           MOVX    @DPTR,A
    710              }   
   \   000106   EA           MOV     A,R2
   \   000107   2401         ADD     A,#0x1
   \   000109   0A           INC     R2
   \   00010A   EB           MOV     A,R3
   \   00010B   3400         ADDC    A,#0x0
   \   00010D   FB           MOV     R3,A
   \                     ??s_itoa_5:
   \   00010E   EC           MOV     A,R4
   \   00010F   C3           CLR     C
   \   000110   9E           SUBB    A,R6
   \   000111   F8           MOV     R0,A
   \   000112   ED           MOV     A,R5
   \   000113   9400         SUBB    A,#0x0
   \   000115   F9           MOV     R1,A
   \   000116   E8           MOV     A,R0
   \   000117   24FF         ADD     A,#-0x1
   \   000119   F5..         MOV     ?V0 + 0,A
   \   00011B   E9           MOV     A,R1
   \   00011C   34FF         ADDC    A,#-0x1
   \   00011E   F5..         MOV     ?V0 + 1,A
   \   000120   33           RLC     A
   \   000121   95E0         SUBB    A,0xE0 /* A   */
   \   000123   F5..         MOV     ?V0 + 2,A
   \   000125   F5..         MOV     ?V0 + 3,A
   \   000127   78..         MOV     R0,#?V0 + 0
   \   000129   12....       LCALL   ?L_TO_FLT
   \   00012C   90....       MOV     DPTR,#__Constant_3f000000
   \   00012F   78..         MOV     R0,#?V0 + 4
   \   000131   12....       LCALL   ?L_MOV_X
   \   000134   78..         MOV     R0,#?V0 + 0
   \   000136   79..         MOV     R1,#?V0 + 4
   \   000138   12....       LCALL   ?FLT_MUL
   \   00013B   8A..         MOV     ?V0 + 4,R2
   \   00013D   EB           MOV     A,R3
   \   00013E   F5..         MOV     ?V0 + 5,A
   \   000140   33           RLC     A
   \   000141   95E0         SUBB    A,0xE0 /* A   */
   \   000143   F5..         MOV     ?V0 + 6,A
   \   000145   F5..         MOV     ?V0 + 7,A
   \   000147   78..         MOV     R0,#?V0 + 4
   \   000149   12....       LCALL   ?L_TO_FLT
   \   00014C   78..         MOV     R0,#?V0 + 0
   \   00014E   79..         MOV     R1,#?V0 + 4
   \   000150   12....       LCALL   ?FLT_GE
   \   000153   5003         JNC     $+5
   \   000155   02....       LJMP    ??s_itoa_6 & 0xFFFF
    711              return str;   
   \   000158   AA..         MOV     R2,?V0 + 8
   \   00015A   AB..         MOV     R3,?V0 + 9
   \   00015C   7425         MOV     A,#0x25
   \   00015E   12....       LCALL   ?DEALLOC_XSTACK8
   \   000161   7F0A         MOV     R7,#0xa
   \   000163   02....       LJMP    ?BANKED_LEAVE_XDATA
    712          }  

   \                                 In  segment BANKED_CODE, align 1, keep-with-next
   \                     ?Subroutine4:
   \   000000   E5..         MOV     A,?V0 + 8
   \   000002   2C           ADD     A,R4
   \   000003   F582         MOV     DPL,A
   \   000005   E5..         MOV     A,?V0 + 9
   \   000007   3D           ADDC    A,R5
   \   000008   F583         MOV     DPH,A
   \   00000A   22           RET

   \                                 In  segment BANK_RELAYS, align 1
   \                     ??GenericApp_Init?relay:
   \   000000   12....       LCALL   ?BDISPATCH
   \   000003   ......       DC24    GenericApp_Init

   \                                 In  segment BANK_RELAYS, align 1
   \                     ??GenericApp_ProcessEvent?relay:
   \   000000   12....       LCALL   ?BDISPATCH
   \   000003   ......       DC24    GenericApp_ProcessEvent

   \                                 In  segment BANK_RELAYS, align 1
   \                     ??GenericApp_HandleKeys?relay:
   \   000000   12....       LCALL   ?BDISPATCH
   \   000003   ......       DC24    GenericApp_HandleKeys

   \                                 In  segment BANK_RELAYS, align 1
   \                     ??GenericApp_MessageMSGCB?relay:
   \   000000   12....       LCALL   ?BDISPATCH
   \   000003   ......       DC24    GenericApp_MessageMSGCB

   \                                 In  segment BANK_RELAYS, align 1
   \                     ??s_itoa?relay:
   \   000000   12....       LCALL   ?BDISPATCH
   \   000003   ......       DC24    s_itoa

   \                                 In  segment XDATA_ROM_C, align 1
   \                     `?<Constant "1234">`:
   \   000000   31323334     DB "1234"
   \            00      

   \                                 In  segment XDATA_ROM_C, align 1
   \                     `?<Constant "GenericApp">`:
   \   000000   47656E65     DB "GenericApp"
   \            72696341
   \            707000  

   \                                 In  segment XDATA_ROM_C, align 1
   \                     `?<Constant "8765">`:
   \   000000   38373635     DB "8765"
   \            00      

   \                                 In  segment XDATA_ROM_C, align 1
   \                     `?<Constant "SRF.">`:
   \   000000   5352462E     DB "SRF."
   \            00      

   \                                 In  segment XDATA_ROM_C, align 1
   \                     `?<Constant "0123456789ABCDEFGHIJK...">`:
   \   000000   30313233     DB "0123456789ABCDEFGHIJKLMNOPQRSTUVWXYZ"
   \            34353637
   \            38394142
   \            43444546
   \            4748494A
   \            4B4C4D4E
   \            4F505152
   \            53545556
   \            5758595A
   \            00      

   \                                 In  segment XDATA_ROM_C, align 1
   \                     __Constant_3f000000:
   \   000000   0000003F     DD 3F000000H
    713          
    714          
    715          
    716          
    717          #if defined( IAR_ARMCM3_LM )
    718          /*********************************************************************
    719           * @fn      GenericApp_ProcessRtosMessage
    720           *
    721           * @brief   Receive message from RTOS queue, send response back.
    722           *
    723           * @param   none
    724           *
    725           * @return  none
    726           */
    727          static void GenericApp_ProcessRtosMessage( void )
    728          {
    729            osalQueue_t inMsg;
    730          
    731            if ( osal_queue_receive( OsalQueue, &inMsg, 0 ) == pdPASS )
    732            {
    733              uint8 cmndId = inMsg.cmnd;
    734              uint32 counter = osal_build_uint32( inMsg.cbuf, 4 );
    735          
    736              switch ( cmndId )
    737              {
    738                case CMD_INCR:
    739                  counter += 1;  /* Increment the incoming counter */
    740                                 /* Intentionally fall through next case */
    741          
    742                case CMD_ECHO:
    743                {
    744                  userQueue_t outMsg;
    745          
    746                  outMsg.resp = RSP_CODE | cmndId;  /* Response ID */
    747                  osal_buffer_uint32( outMsg.rbuf, counter );    /* Increment counter */
    748                  osal_queue_send( UserQueue1, &outMsg, 0 );  /* Send back to UserTask */
    749                  break;
    750                }
    751                
    752                default:
    753                  break;  /* Ignore unknown command */    
    754              }
    755            }
    756          }
    757          
    758          
    759           
    760          
    761          #endif
    762          
    763          
    764          
    765          /*********************************************************************
    766           */

   Maximum stack usage in bytes:

     Function                     ISTACK PSTACK XSTACK
     --------                     ------ ------ ------
     GenericApp_HandleKeys            0      0     47
       -> HalUARTWrite                0      0     40
       -> HalLedSet                   0      0     40
       -> NLME_GetShortAddr           0      0     40
       -> ZDP_EndDeviceBindReq        0      0     58
       -> HalLedSet                   0      0     40
       -> ZDP_MatchDescReq            0      0     56
     GenericApp_Init                  0      0     38
       -> HalUARTOpen                 0      0     76
       -> HalUARTWrite                0      0     76
       -> afRegister                  0      0     76
       -> RegisterForKeys             0      0     76
       -> HalLcdWriteString           0      0     76
       -> ZDO_RegisterForZDOMsg       0      0     76
       -> ZDO_RegisterForZDOMsg       0      0     76
       -> osal_start_timerEx          0      0     76
     GenericApp_MessageMSGCB          0      0     57
       -> simI2c_write                0      0     60
       -> HalLedSet                   0      0     60
       -> AF_DataRequest              0      0     78
       -> HalUARTWrite                0      0     60
       -> HalLedSet                   0      0     60
     GenericApp_ProcessEvent          1      0     18
       -> osal_msg_receive            0      0     36
       -> osal_start_timerEx          0      0     36
       -> osal_msg_deallocate         0      0     36
       -> osal_msg_receive            0      0     36
       -> ZDO_ParseEPListRsp          0      0     36
       -> HalLedSet                   0      0     36
       -> osal_mem_free               0      0     36
       -> HalLedSet                   0      0     36
       -> HalLedSet                   0      0     36
       -> GenericApp_HandleKeys       0      0     36
       -> GenericApp_MessageMSGCB     0      0     36
       -> osal_start_timerEx          0      0     36
       -> osal_start_timerEx          0      0     36
       -> simI2c_write                0      0     36
       -> osal_start_timerEx          0      0     36
     s_itoa                           2      0     57


   Segment part sizes:

     Function/Label                         Bytes
     --------------                         -----
     _A_P1                                     1
     P1SEL                                     1
     P2INP                                     1
     P1DIR                                     1
     GenericApp_ClusterList                    4
     GenericApp_SimpleDesc                    12
     GenericApp_epDesc                         6
     GenericApp_TaskID                         1
     GenericApp_NwkState                       1
     GenericApp_TransID                        1
     GenericApp_DstAddr                       12
     gw_collect_count                          1
     GenericApp_Init                         187
     ?Subroutine2                              6
     ??Subroutine5_0                          11
     ?Subroutine0                              1
     ??Subroutine6_0                           8
     GenericApp_ProcessEvent                 410
     ?Subroutine3                              4
     ??Subroutine7_0                           6
     ?Subroutine1                             15
     GenericApp_HandleKeys                   251
     GenericApp_MessageMSGCB                 208
     s_itoa                                  358
     ?Subroutine4                             11
     ??GenericApp_Init?relay                   6
     ??GenericApp_ProcessEvent?relay           6
     ??GenericApp_HandleKeys?relay             6
     ??GenericApp_MessageMSGCB?relay           6
     ??s_itoa?relay                            6
     ?<Constant "1234">                        5
     ?<Constant "GenericApp">                 11
     ?<Constant "8765">                        5
     ?<Constant "SRF.">                        5
     ?<Constant "0123456789ABCDEFGHIJK...">   37
     __Constant_3f000000                       4

 
 1 476 bytes in segment BANKED_CODE
    30 bytes in segment BANK_RELAYS
     4 bytes in segment SFR_AN
    83 bytes in segment XDATA_ROM_C
    22 bytes in segment XDATA_Z
 
 1 506 bytes of CODE  memory
    79 bytes of CONST memory (+ 4 bytes shared)
     0 bytes of DATA  memory (+ 4 bytes shared)
    22 bytes of XDATA memory

Errors: none
Warnings: none
